2025-03-20 21:38:51 DEBUG o.j.logging:164 - Logging Provider: org.jboss.logging.Slf4jLoggerProvider found via system property
2025-03-20 21:38:51 INFO  c.d.r.c.ChefControllerTest:53 - Starting ChefControllerTest using Java 17.0.12 with PID 26680 (started by Тимур in E:\Restoran)
2025-03-20 21:38:51 DEBUG c.d.r.c.ChefControllerTest:54 - Running with Spring Boot v3.4.2, Spring v6.2.2
2025-03-20 21:38:51 INFO  c.d.r.c.ChefControllerTest:652 - No active profile set, falling back to 1 default profile: "default"
2025-03-20 21:38:53 DEBUG _.s.w.s.H.Mappings:294 - 
	c.d.r.c.ChefController:
	{GET [/api/chef/waitersIsNull]}: getOrdersWithNullWaiter(Long)
	{GET [/api/chef/chefsIsNull]}: getOrdersWithNullChef(Long)
	{GET [/api/chef/waitersAndChefsNull]}: getOrdersWithNullWaiterAndChef(Long)
	{GET [/api/chef/{id}]}: findChefById(Long)
	{POST [/api/chef]}: saveChef(ChefDTO)
	{GET [/api/chef]}: findAllChefs()
	{GET [/api/chef/{customerOrderId}/{chefId}]}: saveCustomerOrderToChef(Long,Long)
2025-03-20 21:38:53 DEBUG _.s.w.s.H.Mappings:294 - 
	o.s.b.a.w.s.e.BasicErrorController:
	{ [/error]}: error(HttpServletRequest)
	{ [/error], produces [text/html]}: errorHtml(HttpServletRequest,HttpServletResponse)
2025-03-20 21:38:53 DEBUG _.s.w.s.H.Mappings:86 - 'beanNameHandlerMapping' {}
2025-03-20 21:38:53 DEBUG _.s.w.s.H.Mappings:176 - 'resourceHandlerMapping' {/webjars/**=ResourceHttpRequestHandler [classpath [META-INF/resources/webjars/]], /**=ResourceHttpRequestHandler [classpath [META-INF/resources/], classpath [resources/], classpath [static/], classpath [public/], ServletContext [/]]}
2025-03-20 21:38:53 INFO  c.d.r.c.ChefControllerTest:59 - Started ChefControllerTest in 3.082 seconds (process running for 4.38)
2025-03-20 21:38:54 DEBUG c.j.j.i.p.CompiledPath:93 - Evaluating path: $[0]['id']
2025-03-20 21:38:54 DEBUG c.j.j.i.p.CompiledPath:93 - Evaluating path: $[0]['id']
2025-03-20 21:38:54 DEBUG c.j.j.i.p.CompiledPath:93 - Evaluating path: $[0]['name']
2025-03-20 21:38:54 INFO  c.d.r.c.ChefController:39 - Запрос на получение шефа по ID: 1, user
2025-03-20 21:38:54 INFO  c.d.r.c.ChefController:39 - Запрос на получение шефа по ID: 1, user
2025-03-20 21:38:54 DEBUG c.j.j.i.p.CompiledPath:93 - Evaluating path: $['id']
2025-03-20 21:38:54 DEBUG c.j.j.i.p.CompiledPath:93 - Evaluating path: $['id']
2025-03-20 21:38:54 DEBUG c.j.j.i.p.CompiledPath:93 - Evaluating path: $['name']
2025-03-20 21:45:24 DEBUG o.j.logging:164 - Logging Provider: org.jboss.logging.Slf4jLoggerProvider found via system property
2025-03-20 21:45:24 INFO  c.d.r.c.ChefControllerTest:53 - Starting ChefControllerTest using Java 17.0.12 with PID 6372 (started by Тимур in E:\Restoran)
2025-03-20 21:45:24 DEBUG c.d.r.c.ChefControllerTest:54 - Running with Spring Boot v3.4.2, Spring v6.2.2
2025-03-20 21:45:24 INFO  c.d.r.c.ChefControllerTest:652 - No active profile set, falling back to 1 default profile: "default"
2025-03-20 21:45:26 DEBUG _.s.w.s.H.Mappings:294 - 
	c.d.r.c.ChefController:
	{GET [/api/chef/{customerOrderId}/{chefId}]}: saveCustomerOrderToChef(Long,Long)
	{GET [/api/chef/waitersAndChefsNull]}: getOrdersWithNullWaiterAndChef(Long)
	{GET [/api/chef/chefsIsNull]}: getOrdersWithNullChef(Long)
	{GET [/api/chef/waitersIsNull]}: getOrdersWithNullWaiter(Long)
	{GET [/api/chef/{id}]}: findChefById(Long)
	{GET [/api/chef]}: findAllChefs()
	{POST [/api/chef]}: saveChef(ChefDTO)
2025-03-20 21:45:26 DEBUG _.s.w.s.H.Mappings:294 - 
	o.s.b.a.w.s.e.BasicErrorController:
	{ [/error]}: error(HttpServletRequest)
	{ [/error], produces [text/html]}: errorHtml(HttpServletRequest,HttpServletResponse)
2025-03-20 21:45:26 DEBUG _.s.w.s.H.Mappings:86 - 'beanNameHandlerMapping' {}
2025-03-20 21:45:26 DEBUG _.s.w.s.H.Mappings:176 - 'resourceHandlerMapping' {/webjars/**=ResourceHttpRequestHandler [classpath [META-INF/resources/webjars/]], /**=ResourceHttpRequestHandler [classpath [META-INF/resources/], classpath [resources/], classpath [static/], classpath [public/], ServletContext [/]]}
2025-03-20 21:45:27 INFO  c.d.r.c.ChefControllerTest:59 - Started ChefControllerTest in 2.868 seconds (process running for 4.051)
2025-03-20 21:50:56 DEBUG o.j.logging:164 - Logging Provider: org.jboss.logging.Slf4jLoggerProvider found via system property
2025-03-20 21:50:56 INFO  c.d.r.c.ChefControllerTest:53 - Starting ChefControllerTest using Java 17.0.12 with PID 17252 (started by Тимур in E:\Restoran)
2025-03-20 21:50:56 DEBUG c.d.r.c.ChefControllerTest:54 - Running with Spring Boot v3.4.2, Spring v6.2.2
2025-03-20 21:50:56 INFO  c.d.r.c.ChefControllerTest:652 - No active profile set, falling back to 1 default profile: "default"
2025-03-20 21:50:58 DEBUG _.s.w.s.H.Mappings:294 - 
	c.d.r.c.ChefController:
	{GET [/api/chef/{customerOrderId}/{chefId}]}: saveCustomerOrderToChef(Long,Long)
	{GET [/api/chef]}: findAllChefs()
	{GET [/api/chef/{id}]}: findChefById(Long)
	{POST [/api/chef]}: saveChef(ChefDTO)
	{GET [/api/chef/chefsIsNull]}: getOrdersWithNullChef(Long)
	{GET [/api/chef/waitersAndChefsNull]}: getOrdersWithNullWaiterAndChef(Long)
	{GET [/api/chef/waitersIsNull]}: getOrdersWithNullWaiter(Long)
2025-03-20 21:50:58 DEBUG _.s.w.s.H.Mappings:294 - 
	o.s.b.a.w.s.e.BasicErrorController:
	{ [/error]}: error(HttpServletRequest)
	{ [/error], produces [text/html]}: errorHtml(HttpServletRequest,HttpServletResponse)
2025-03-20 21:50:58 DEBUG _.s.w.s.H.Mappings:86 - 'beanNameHandlerMapping' {}
2025-03-20 21:50:58 DEBUG _.s.w.s.H.Mappings:176 - 'resourceHandlerMapping' {/webjars/**=ResourceHttpRequestHandler [classpath [META-INF/resources/webjars/]], /**=ResourceHttpRequestHandler [classpath [META-INF/resources/], classpath [resources/], classpath [static/], classpath [public/], ServletContext [/]]}
2025-03-20 21:50:58 INFO  c.d.r.c.ChefControllerTest:59 - Started ChefControllerTest in 2.758 seconds (process running for 3.975)
2025-03-20 21:51:37 DEBUG o.j.logging:164 - Logging Provider: org.jboss.logging.Slf4jLoggerProvider found via system property
2025-03-20 21:51:38 INFO  c.d.r.c.ChefControllerTest:53 - Starting ChefControllerTest using Java 17.0.12 with PID 19916 (started by Тимур in E:\Restoran)
2025-03-20 21:51:38 DEBUG c.d.r.c.ChefControllerTest:54 - Running with Spring Boot v3.4.2, Spring v6.2.2
2025-03-20 21:51:38 INFO  c.d.r.c.ChefControllerTest:652 - No active profile set, falling back to 1 default profile: "default"
2025-03-20 21:51:39 DEBUG _.s.w.s.H.Mappings:294 - 
	c.d.r.c.ChefController:
	{GET [/api/chef/{customerOrderId}/{chefId}]}: saveCustomerOrderToChef(Long,Long)
	{GET [/api/chef/waitersAndChefsNull]}: getOrdersWithNullWaiterAndChef(Long)
	{GET [/api/chef/waitersIsNull]}: getOrdersWithNullWaiter(Long)
	{GET [/api/chef/chefsIsNull]}: getOrdersWithNullChef(Long)
	{GET [/api/chef]}: findAllChefs()
	{POST [/api/chef]}: saveChef(ChefDTO)
	{GET [/api/chef/{id}]}: findChefById(Long)
2025-03-20 21:51:39 DEBUG _.s.w.s.H.Mappings:294 - 
	o.s.b.a.w.s.e.BasicErrorController:
	{ [/error], produces [text/html]}: errorHtml(HttpServletRequest,HttpServletResponse)
	{ [/error]}: error(HttpServletRequest)
2025-03-20 21:51:39 DEBUG _.s.w.s.H.Mappings:86 - 'beanNameHandlerMapping' {}
2025-03-20 21:51:39 DEBUG _.s.w.s.H.Mappings:176 - 'resourceHandlerMapping' {/webjars/**=ResourceHttpRequestHandler [classpath [META-INF/resources/webjars/]], /**=ResourceHttpRequestHandler [classpath [META-INF/resources/], classpath [resources/], classpath [static/], classpath [public/], ServletContext [/]]}
2025-03-20 21:51:40 INFO  c.d.r.c.ChefControllerTest:59 - Started ChefControllerTest in 2.699 seconds (process running for 3.837)
2025-03-20 21:54:23 DEBUG o.j.logging:164 - Logging Provider: org.jboss.logging.Slf4jLoggerProvider found via system property
2025-03-20 21:54:23 INFO  c.d.r.c.ChefControllerTest:53 - Starting ChefControllerTest using Java 17.0.12 with PID 10020 (started by Тимур in E:\Restoran)
2025-03-20 21:54:23 DEBUG c.d.r.c.ChefControllerTest:54 - Running with Spring Boot v3.4.2, Spring v6.2.2
2025-03-20 21:54:23 INFO  c.d.r.c.ChefControllerTest:652 - No active profile set, falling back to 1 default profile: "default"
2025-03-20 21:54:24 DEBUG _.s.w.s.H.Mappings:294 - 
	c.d.r.c.ChefController:
	{GET [/api/chef/{customerOrderId}/{chefId}]}: saveCustomerOrderToChef(Long,Long)
	{GET [/api/chef/waitersAndChefsNull]}: getOrdersWithNullWaiterAndChef(Long)
	{GET [/api/chef/chefsIsNull]}: getOrdersWithNullChef(Long)
	{GET [/api/chef/waitersIsNull]}: getOrdersWithNullWaiter(Long)
	{POST [/api/chef]}: saveChef(ChefDTO)
	{GET [/api/chef/{id}]}: findChefById(Long)
	{GET [/api/chef]}: findAllChefs()
2025-03-20 21:54:24 DEBUG _.s.w.s.H.Mappings:294 - 
	o.s.b.a.w.s.e.BasicErrorController:
	{ [/error], produces [text/html]}: errorHtml(HttpServletRequest,HttpServletResponse)
	{ [/error]}: error(HttpServletRequest)
2025-03-20 21:54:24 DEBUG _.s.w.s.H.Mappings:86 - 'beanNameHandlerMapping' {}
2025-03-20 21:54:25 DEBUG _.s.w.s.H.Mappings:176 - 'resourceHandlerMapping' {/webjars/**=ResourceHttpRequestHandler [classpath [META-INF/resources/webjars/]], /**=ResourceHttpRequestHandler [classpath [META-INF/resources/], classpath [resources/], classpath [static/], classpath [public/], ServletContext [/]]}
2025-03-20 21:54:25 INFO  c.d.r.c.ChefControllerTest:59 - Started ChefControllerTest in 2.784 seconds (process running for 4.016)
2025-03-20 21:56:52 DEBUG o.j.logging:164 - Logging Provider: org.jboss.logging.Slf4jLoggerProvider found via system property
2025-03-20 21:56:52 INFO  c.d.r.c.ChefControllerTest:53 - Starting ChefControllerTest using Java 17.0.12 with PID 14784 (started by Тимур in E:\Restoran)
2025-03-20 21:56:52 DEBUG c.d.r.c.ChefControllerTest:54 - Running with Spring Boot v3.4.2, Spring v6.2.2
2025-03-20 21:56:52 INFO  c.d.r.c.ChefControllerTest:652 - No active profile set, falling back to 1 default profile: "default"
2025-03-20 21:56:53 DEBUG _.s.w.s.H.Mappings:294 - 
	c.d.r.c.ChefController:
	{GET [/api/chef/{customerOrderId}/{chefId}]}: saveCustomerOrderToChef(Long,Long)
	{GET [/api/chef]}: findAllChefs()
	{GET [/api/chef/{id}]}: findChefById(Long)
	{POST [/api/chef]}: saveChef(ChefDTO)
	{GET [/api/chef/chefsIsNull]}: getOrdersWithNullChef(Long)
	{GET [/api/chef/waitersIsNull]}: getOrdersWithNullWaiter(Long)
	{GET [/api/chef/waitersAndChefsNull]}: getOrdersWithNullWaiterAndChef(Long)
2025-03-20 21:56:53 DEBUG _.s.w.s.H.Mappings:294 - 
	o.s.b.a.w.s.e.BasicErrorController:
	{ [/error]}: error(HttpServletRequest)
	{ [/error], produces [text/html]}: errorHtml(HttpServletRequest,HttpServletResponse)
2025-03-20 21:56:53 DEBUG _.s.w.s.H.Mappings:86 - 'beanNameHandlerMapping' {}
2025-03-20 21:56:54 DEBUG _.s.w.s.H.Mappings:176 - 'resourceHandlerMapping' {/webjars/**=ResourceHttpRequestHandler [classpath [META-INF/resources/webjars/]], /**=ResourceHttpRequestHandler [classpath [META-INF/resources/], classpath [resources/], classpath [static/], classpath [public/], ServletContext [/]]}
2025-03-20 21:56:54 INFO  c.d.r.c.ChefControllerTest:59 - Started ChefControllerTest in 2.864 seconds (process running for 4.18)
2025-03-20 21:57:35 DEBUG o.j.logging:164 - Logging Provider: org.jboss.logging.Slf4jLoggerProvider found via system property
2025-03-20 21:57:35 INFO  c.d.r.c.ChefControllerTest:53 - Starting ChefControllerTest using Java 17.0.12 with PID 25560 (started by Тимур in E:\Restoran)
2025-03-20 21:57:35 DEBUG c.d.r.c.ChefControllerTest:54 - Running with Spring Boot v3.4.2, Spring v6.2.2
2025-03-20 21:57:35 INFO  c.d.r.c.ChefControllerTest:652 - No active profile set, falling back to 1 default profile: "default"
2025-03-20 21:57:37 DEBUG _.s.w.s.H.Mappings:294 - 
	c.d.r.c.ChefController:
	{GET [/api/chef/{customerOrderId}/{chefId}]}: saveCustomerOrderToChef(Long,Long)
	{GET [/api/chef/{id}]}: findChefById(Long)
	{POST [/api/chef]}: saveChef(ChefDTO)
	{GET [/api/chef/waitersAndChefsNull]}: getOrdersWithNullWaiterAndChef(Long)
	{GET [/api/chef/waitersIsNull]}: getOrdersWithNullWaiter(Long)
	{GET [/api/chef/chefsIsNull]}: getOrdersWithNullChef(Long)
	{GET [/api/chef]}: findAllChefs()
2025-03-20 21:57:37 DEBUG _.s.w.s.H.Mappings:294 - 
	o.s.b.a.w.s.e.BasicErrorController:
	{ [/error]}: error(HttpServletRequest)
	{ [/error], produces [text/html]}: errorHtml(HttpServletRequest,HttpServletResponse)
2025-03-20 21:57:37 DEBUG _.s.w.s.H.Mappings:86 - 'beanNameHandlerMapping' {}
2025-03-20 21:57:37 DEBUG _.s.w.s.H.Mappings:176 - 'resourceHandlerMapping' {/webjars/**=ResourceHttpRequestHandler [classpath [META-INF/resources/webjars/]], /**=ResourceHttpRequestHandler [classpath [META-INF/resources/], classpath [resources/], classpath [static/], classpath [public/], ServletContext [/]]}
2025-03-20 21:57:38 INFO  c.d.r.c.ChefControllerTest:59 - Started ChefControllerTest in 2.731 seconds (process running for 3.923)
2025-03-20 22:06:15 DEBUG o.j.logging:164 - Logging Provider: org.jboss.logging.Slf4jLoggerProvider found via system property
2025-03-20 22:06:15 INFO  c.d.r.c.ChefControllerTest:53 - Starting ChefControllerTest using Java 17.0.12 with PID 22576 (started by Тимур in E:\Restoran)
2025-03-20 22:06:15 DEBUG c.d.r.c.ChefControllerTest:54 - Running with Spring Boot v3.4.2, Spring v6.2.2
2025-03-20 22:06:15 INFO  c.d.r.c.ChefControllerTest:652 - No active profile set, falling back to 1 default profile: "default"
2025-03-20 22:06:17 DEBUG _.s.w.s.H.Mappings:294 - 
	c.d.r.c.ChefController:
	{GET [/api/chef]}: findAllChefs()
	{GET [/api/chef/{id}]}: findChefById(Long)
	{GET [/api/chef/{customerOrderId}/{chefId}]}: saveCustomerOrderToChef(Long,Long)
	{GET [/api/chef/waitersAndChefsNull]}: getOrdersWithNullWaiterAndChef(Long)
	{GET [/api/chef/chefsIsNull]}: getOrdersWithNullChef(Long)
	{GET [/api/chef/waitersIsNull]}: getOrdersWithNullWaiter(Long)
	{POST [/api/chef]}: saveChef(ChefDTO)
2025-03-20 22:06:17 DEBUG _.s.w.s.H.Mappings:294 - 
	o.s.b.a.w.s.e.BasicErrorController:
	{ [/error]}: error(HttpServletRequest)
	{ [/error], produces [text/html]}: errorHtml(HttpServletRequest,HttpServletResponse)
2025-03-20 22:06:17 DEBUG _.s.w.s.H.Mappings:86 - 'beanNameHandlerMapping' {}
2025-03-20 22:06:18 DEBUG _.s.w.s.H.Mappings:176 - 'resourceHandlerMapping' {/webjars/**=ResourceHttpRequestHandler [classpath [META-INF/resources/webjars/]], /**=ResourceHttpRequestHandler [classpath [META-INF/resources/], classpath [resources/], classpath [static/], classpath [public/], ServletContext [/]]}
2025-03-20 22:06:18 INFO  c.d.r.c.ChefControllerTest:59 - Started ChefControllerTest in 2.84 seconds (process running for 4.013)
2025-03-20 22:16:27 DEBUG o.j.logging:164 - Logging Provider: org.jboss.logging.Slf4jLoggerProvider found via system property
2025-03-20 22:16:27 INFO  c.d.r.c.ChefControllerTest:53 - Starting ChefControllerTest using Java 17.0.12 with PID 7288 (started by Тимур in E:\Restoran)
2025-03-20 22:16:27 DEBUG c.d.r.c.ChefControllerTest:54 - Running with Spring Boot v3.4.2, Spring v6.2.2
2025-03-20 22:16:27 INFO  c.d.r.c.ChefControllerTest:652 - No active profile set, falling back to 1 default profile: "default"
2025-03-20 22:16:29 DEBUG _.s.w.s.H.Mappings:294 - 
	c.d.r.c.ChefController:
	{POST [/api/chef]}: saveChef(ChefDTO)
	{GET [/api/chef]}: findAllChefs()
	{GET [/api/chef/{id}]}: findChefById(Long)
	{GET [/api/chef/waitersIsNull]}: getOrdersWithNullWaiter(Long)
	{GET [/api/chef/chefsIsNull]}: getOrdersWithNullChef(Long)
	{GET [/api/chef/waitersAndChefsNull]}: getOrdersWithNullWaiterAndChef(Long)
	{GET [/api/chef/{customerOrderId}/{chefId}]}: saveCustomerOrderToChef(Long,Long)
2025-03-20 22:16:29 DEBUG _.s.w.s.H.Mappings:294 - 
	o.s.b.a.w.s.e.BasicErrorController:
	{ [/error], produces [text/html]}: errorHtml(HttpServletRequest,HttpServletResponse)
	{ [/error]}: error(HttpServletRequest)
2025-03-20 22:16:29 DEBUG _.s.w.s.H.Mappings:86 - 'beanNameHandlerMapping' {}
2025-03-20 22:16:29 DEBUG _.s.w.s.H.Mappings:176 - 'resourceHandlerMapping' {/webjars/**=ResourceHttpRequestHandler [classpath [META-INF/resources/webjars/]], /**=ResourceHttpRequestHandler [classpath [META-INF/resources/], classpath [resources/], classpath [static/], classpath [public/], ServletContext [/]]}
2025-03-20 22:16:29 INFO  c.d.r.c.ChefControllerTest:59 - Started ChefControllerTest in 2.856 seconds (process running for 4.045)
2025-03-20 22:16:30 INFO  c.d.r.c.ChefController:39 - Запрос на получение шефа по ID: 1, user
2025-03-20 22:16:30 DEBUG c.j.j.i.p.CompiledPath:93 - Evaluating path: $['id']
2025-03-20 22:16:30 DEBUG c.j.j.i.p.CompiledPath:93 - Evaluating path: $['id']
2025-03-20 22:16:30 DEBUG c.j.j.i.p.CompiledPath:93 - Evaluating path: $['name']
2025-03-20 22:19:27 DEBUG o.j.logging:164 - Logging Provider: org.jboss.logging.Slf4jLoggerProvider found via system property
2025-03-20 22:19:27 INFO  c.d.r.c.ChefControllerTest:53 - Starting ChefControllerTest using Java 17.0.12 with PID 10068 (started by Тимур in E:\Restoran)
2025-03-20 22:19:27 DEBUG c.d.r.c.ChefControllerTest:54 - Running with Spring Boot v3.4.2, Spring v6.2.2
2025-03-20 22:19:27 INFO  c.d.r.c.ChefControllerTest:652 - No active profile set, falling back to 1 default profile: "default"
2025-03-20 22:19:29 DEBUG _.s.w.s.H.Mappings:294 - 
	c.d.r.c.ChefController:
	{GET [/api/chef/{customerOrderId}/{chefId}]}: saveCustomerOrderToChef(Long,Long)
	{GET [/api/chef/chefsIsNull]}: getOrdersWithNullChef(Long)
	{GET [/api/chef/waitersAndChefsNull]}: getOrdersWithNullWaiterAndChef(Long)
	{GET [/api/chef/waitersIsNull]}: getOrdersWithNullWaiter(Long)
	{POST [/api/chef]}: saveChef(ChefDTO)
	{GET [/api/chef]}: findAllChefs()
	{GET [/api/chef/{id}]}: findChefById(Long)
2025-03-20 22:19:29 DEBUG _.s.w.s.H.Mappings:294 - 
	o.s.b.a.w.s.e.BasicErrorController:
	{ [/error]}: error(HttpServletRequest)
	{ [/error], produces [text/html]}: errorHtml(HttpServletRequest,HttpServletResponse)
2025-03-20 22:19:29 DEBUG _.s.w.s.H.Mappings:86 - 'beanNameHandlerMapping' {}
2025-03-20 22:19:29 DEBUG _.s.w.s.H.Mappings:176 - 'resourceHandlerMapping' {/webjars/**=ResourceHttpRequestHandler [classpath [META-INF/resources/webjars/]], /**=ResourceHttpRequestHandler [classpath [META-INF/resources/], classpath [resources/], classpath [static/], classpath [public/], ServletContext [/]]}
2025-03-20 22:19:29 INFO  c.d.r.c.ChefControllerTest:59 - Started ChefControllerTest in 2.808 seconds (process running for 3.959)
2025-03-20 22:19:30 INFO  c.d.r.c.ChefController:39 - Запрос на получение шефа по ID: 1, user
2025-03-20 22:19:30 DEBUG c.j.j.i.p.CompiledPath:93 - Evaluating path: $['id']
2025-03-20 22:19:30 DEBUG c.j.j.i.p.CompiledPath:93 - Evaluating path: $['id']
2025-03-20 22:19:30 DEBUG c.j.j.i.p.CompiledPath:93 - Evaluating path: $['name']
2025-03-20 22:23:46 DEBUG o.j.logging:164 - Logging Provider: org.jboss.logging.Slf4jLoggerProvider found via system property
2025-03-20 22:23:46 INFO  c.d.r.c.ChefControllerTest:53 - Starting ChefControllerTest using Java 17.0.12 with PID 25940 (started by Тимур in E:\Restoran)
2025-03-20 22:23:46 DEBUG c.d.r.c.ChefControllerTest:54 - Running with Spring Boot v3.4.2, Spring v6.2.2
2025-03-20 22:23:46 INFO  c.d.r.c.ChefControllerTest:652 - No active profile set, falling back to 1 default profile: "default"
2025-03-20 22:23:48 DEBUG _.s.w.s.H.Mappings:294 - 
	c.d.r.c.ChefController:
	{POST [/api/chef]}: saveChef(ChefDTO)
	{GET [/api/chef/{id}]}: findChefById(Long)
	{GET [/api/chef]}: findAllChefs()
	{GET [/api/chef/waitersIsNull]}: getOrdersWithNullWaiter(Long)
	{GET [/api/chef/chefsIsNull]}: getOrdersWithNullChef(Long)
	{GET [/api/chef/{customerOrderId}/{chefId}]}: saveCustomerOrderToChef(Long,Long)
	{GET [/api/chef/waitersAndChefsNull]}: getOrdersWithNullWaiterAndChef(Long)
2025-03-20 22:23:48 DEBUG _.s.w.s.H.Mappings:294 - 
	o.s.b.a.w.s.e.BasicErrorController:
	{ [/error]}: error(HttpServletRequest)
	{ [/error], produces [text/html]}: errorHtml(HttpServletRequest,HttpServletResponse)
2025-03-20 22:23:48 DEBUG _.s.w.s.H.Mappings:86 - 'beanNameHandlerMapping' {}
2025-03-20 22:23:48 DEBUG _.s.w.s.H.Mappings:176 - 'resourceHandlerMapping' {/webjars/**=ResourceHttpRequestHandler [classpath [META-INF/resources/webjars/]], /**=ResourceHttpRequestHandler [classpath [META-INF/resources/], classpath [resources/], classpath [static/], classpath [public/], ServletContext [/]]}
2025-03-20 22:23:49 INFO  c.d.r.c.ChefControllerTest:59 - Started ChefControllerTest in 2.833 seconds (process running for 4.027)
2025-03-20 22:23:49 INFO  c.d.r.c.ChefController:39 - Запрос на получение шефа по ID: 1, user
2025-03-20 22:24:09 DEBUG o.j.logging:164 - Logging Provider: org.jboss.logging.Slf4jLoggerProvider found via system property
2025-03-20 22:24:09 INFO  c.d.r.c.ChefControllerTest:53 - Starting ChefControllerTest using Java 17.0.12 with PID 12932 (started by Тимур in E:\Restoran)
2025-03-20 22:24:09 DEBUG c.d.r.c.ChefControllerTest:54 - Running with Spring Boot v3.4.2, Spring v6.2.2
2025-03-20 22:24:09 INFO  c.d.r.c.ChefControllerTest:652 - No active profile set, falling back to 1 default profile: "default"
2025-03-20 22:24:10 DEBUG _.s.w.s.H.Mappings:294 - 
	c.d.r.c.ChefController:
	{POST [/api/chef]}: saveChef(ChefDTO)
	{GET [/api/chef/{id}]}: findChefById(Long)
	{GET [/api/chef]}: findAllChefs()
	{GET [/api/chef/waitersIsNull]}: getOrdersWithNullWaiter(Long)
	{GET [/api/chef/{customerOrderId}/{chefId}]}: saveCustomerOrderToChef(Long,Long)
	{GET [/api/chef/chefsIsNull]}: getOrdersWithNullChef(Long)
	{GET [/api/chef/waitersAndChefsNull]}: getOrdersWithNullWaiterAndChef(Long)
2025-03-20 22:24:11 DEBUG _.s.w.s.H.Mappings:294 - 
	o.s.b.a.w.s.e.BasicErrorController:
	{ [/error], produces [text/html]}: errorHtml(HttpServletRequest,HttpServletResponse)
	{ [/error]}: error(HttpServletRequest)
2025-03-20 22:24:11 DEBUG _.s.w.s.H.Mappings:86 - 'beanNameHandlerMapping' {}
2025-03-20 22:24:11 DEBUG _.s.w.s.H.Mappings:176 - 'resourceHandlerMapping' {/webjars/**=ResourceHttpRequestHandler [classpath [META-INF/resources/webjars/]], /**=ResourceHttpRequestHandler [classpath [META-INF/resources/], classpath [resources/], classpath [static/], classpath [public/], ServletContext [/]]}
2025-03-20 22:24:11 INFO  c.d.r.c.ChefControllerTest:59 - Started ChefControllerTest in 2.642 seconds (process running for 3.771)
2025-03-20 22:24:11 INFO  c.d.r.c.ChefController:39 - Запрос на получение шефа по ID: 1, user
2025-03-20 22:27:02 DEBUG o.j.logging:164 - Logging Provider: org.jboss.logging.Slf4jLoggerProvider found via system property
2025-03-20 22:27:02 INFO  c.d.r.c.ChefControllerTest:53 - Starting ChefControllerTest using Java 17.0.12 with PID 19020 (started by Тимур in E:\Restoran)
2025-03-20 22:27:02 DEBUG c.d.r.c.ChefControllerTest:54 - Running with Spring Boot v3.4.2, Spring v6.2.2
2025-03-20 22:27:02 INFO  c.d.r.c.ChefControllerTest:652 - No active profile set, falling back to 1 default profile: "default"
2025-03-20 22:27:04 DEBUG _.s.w.s.H.Mappings:294 - 
	c.d.r.c.ChefController:
	{GET [/api/chef/{customerOrderId}/{chefId}]}: saveCustomerOrderToChef(Long,Long)
	{GET [/api/chef/chefsIsNull]}: getOrdersWithNullChef(Long)
	{GET [/api/chef/waitersIsNull]}: getOrdersWithNullWaiter(Long)
	{GET [/api/chef/waitersAndChefsNull]}: getOrdersWithNullWaiterAndChef(Long)
	{POST [/api/chef]}: saveChef(ChefDTO)
	{GET [/api/chef/{id}]}: findChefById(Long)
	{GET [/api/chef]}: findAllChefs()
2025-03-20 22:27:04 DEBUG _.s.w.s.H.Mappings:294 - 
	o.s.b.a.w.s.e.BasicErrorController:
	{ [/error]}: error(HttpServletRequest)
	{ [/error], produces [text/html]}: errorHtml(HttpServletRequest,HttpServletResponse)
2025-03-20 22:27:04 DEBUG _.s.w.s.H.Mappings:86 - 'beanNameHandlerMapping' {}
2025-03-20 22:27:04 DEBUG _.s.w.s.H.Mappings:176 - 'resourceHandlerMapping' {/webjars/**=ResourceHttpRequestHandler [classpath [META-INF/resources/webjars/]], /**=ResourceHttpRequestHandler [classpath [META-INF/resources/], classpath [resources/], classpath [static/], classpath [public/], ServletContext [/]]}
2025-03-20 22:27:05 INFO  c.d.r.c.ChefControllerTest:59 - Started ChefControllerTest in 2.899 seconds (process running for 4.012)
2025-03-20 22:28:05 DEBUG o.j.logging:164 - Logging Provider: org.jboss.logging.Slf4jLoggerProvider found via system property
2025-03-20 22:28:05 INFO  c.d.r.c.ChefControllerTest:53 - Starting ChefControllerTest using Java 17.0.12 with PID 17772 (started by Тимур in E:\Restoran)
2025-03-20 22:28:05 DEBUG c.d.r.c.ChefControllerTest:54 - Running with Spring Boot v3.4.2, Spring v6.2.2
2025-03-20 22:28:05 INFO  c.d.r.c.ChefControllerTest:652 - No active profile set, falling back to 1 default profile: "default"
2025-03-20 22:28:07 DEBUG _.s.w.s.H.Mappings:294 - 
	c.d.r.c.ChefController:
	{GET [/api/chef/waitersAndChefsNull]}: getOrdersWithNullWaiterAndChef(Long)
	{GET [/api/chef/{customerOrderId}/{chefId}]}: saveCustomerOrderToChef(Long,Long)
	{GET [/api/chef/waitersIsNull]}: getOrdersWithNullWaiter(Long)
	{GET [/api/chef/chefsIsNull]}: getOrdersWithNullChef(Long)
	{POST [/api/chef]}: saveChef(ChefDTO)
	{GET [/api/chef/{id}]}: findChefById(Long)
	{GET [/api/chef]}: findAllChefs()
2025-03-20 22:28:07 DEBUG _.s.w.s.H.Mappings:294 - 
	o.s.b.a.w.s.e.BasicErrorController:
	{ [/error]}: error(HttpServletRequest)
	{ [/error], produces [text/html]}: errorHtml(HttpServletRequest,HttpServletResponse)
2025-03-20 22:28:07 DEBUG _.s.w.s.H.Mappings:86 - 'beanNameHandlerMapping' {}
2025-03-20 22:28:07 DEBUG _.s.w.s.H.Mappings:176 - 'resourceHandlerMapping' {/webjars/**=ResourceHttpRequestHandler [classpath [META-INF/resources/webjars/]], /**=ResourceHttpRequestHandler [classpath [META-INF/resources/], classpath [resources/], classpath [static/], classpath [public/], ServletContext [/]]}
2025-03-20 22:28:07 INFO  c.d.r.c.ChefControllerTest:59 - Started ChefControllerTest in 2.635 seconds (process running for 3.749)
2025-03-20 22:29:42 DEBUG o.j.logging:164 - Logging Provider: org.jboss.logging.Slf4jLoggerProvider found via system property
2025-03-20 22:29:42 INFO  c.d.r.c.ChefControllerTest:53 - Starting ChefControllerTest using Java 17.0.12 with PID 656 (started by Тимур in E:\Restoran)
2025-03-20 22:29:42 DEBUG c.d.r.c.ChefControllerTest:54 - Running with Spring Boot v3.4.2, Spring v6.2.2
2025-03-20 22:29:42 INFO  c.d.r.c.ChefControllerTest:652 - No active profile set, falling back to 1 default profile: "default"
2025-03-20 22:29:44 DEBUG _.s.w.s.H.Mappings:294 - 
	c.d.r.c.ChefController:
	{GET [/api/chef/waitersAndChefsNull]}: getOrdersWithNullWaiterAndChef(Long)
	{GET [/api/chef/{customerOrderId}/{chefId}]}: saveCustomerOrderToChef(Long,Long)
	{GET [/api/chef/waitersIsNull]}: getOrdersWithNullWaiter(Long)
	{GET [/api/chef/chefsIsNull]}: getOrdersWithNullChef(Long)
	{GET [/api/chef/{id}]}: findChefById(Long)
	{GET [/api/chef]}: findAllChefs()
	{POST [/api/chef]}: saveChef(ChefDTO)
2025-03-20 22:29:44 DEBUG _.s.w.s.H.Mappings:294 - 
	o.s.b.a.w.s.e.BasicErrorController:
	{ [/error]}: error(HttpServletRequest)
	{ [/error], produces [text/html]}: errorHtml(HttpServletRequest,HttpServletResponse)
2025-03-20 22:29:44 DEBUG _.s.w.s.H.Mappings:86 - 'beanNameHandlerMapping' {}
2025-03-20 22:29:44 DEBUG _.s.w.s.H.Mappings:176 - 'resourceHandlerMapping' {/webjars/**=ResourceHttpRequestHandler [classpath [META-INF/resources/webjars/]], /**=ResourceHttpRequestHandler [classpath [META-INF/resources/], classpath [resources/], classpath [static/], classpath [public/], ServletContext [/]]}
2025-03-20 22:29:45 INFO  c.d.r.c.ChefControllerTest:59 - Started ChefControllerTest in 2.827 seconds (process running for 3.941)
2025-03-20 22:32:04 DEBUG o.j.logging:164 - Logging Provider: org.jboss.logging.Slf4jLoggerProvider found via system property
2025-03-20 22:32:04 INFO  c.d.r.c.ChefControllerTest:53 - Starting ChefControllerTest using Java 17.0.12 with PID 22740 (started by Тимур in E:\Restoran)
2025-03-20 22:32:04 DEBUG c.d.r.c.ChefControllerTest:54 - Running with Spring Boot v3.4.2, Spring v6.2.2
2025-03-20 22:32:04 INFO  c.d.r.c.ChefControllerTest:652 - No active profile set, falling back to 1 default profile: "default"
2025-03-20 22:32:06 DEBUG _.s.w.s.H.Mappings:294 - 
	c.d.r.c.ChefController:
	{GET [/api/chef/waitersIsNull]}: getOrdersWithNullWaiter(Long)
	{GET [/api/chef/waitersAndChefsNull]}: getOrdersWithNullWaiterAndChef(Long)
	{GET [/api/chef/{customerOrderId}/{chefId}]}: saveCustomerOrderToChef(Long,Long)
	{GET [/api/chef/chefsIsNull]}: getOrdersWithNullChef(Long)
	{GET [/api/chef/{id}]}: findChefById(Long)
	{GET [/api/chef]}: findAllChefs()
	{POST [/api/chef]}: saveChef(ChefDTO)
2025-03-20 22:32:06 DEBUG _.s.w.s.H.Mappings:294 - 
	o.s.b.a.w.s.e.BasicErrorController:
	{ [/error]}: error(HttpServletRequest)
	{ [/error], produces [text/html]}: errorHtml(HttpServletRequest,HttpServletResponse)
2025-03-20 22:32:06 DEBUG _.s.w.s.H.Mappings:86 - 'beanNameHandlerMapping' {}
2025-03-20 22:32:06 DEBUG _.s.w.s.H.Mappings:176 - 'resourceHandlerMapping' {/webjars/**=ResourceHttpRequestHandler [classpath [META-INF/resources/webjars/]], /**=ResourceHttpRequestHandler [classpath [META-INF/resources/], classpath [resources/], classpath [static/], classpath [public/], ServletContext [/]]}
2025-03-20 22:32:06 INFO  c.d.r.c.ChefControllerTest:59 - Started ChefControllerTest in 2.729 seconds (process running for 3.932)
2025-03-20 22:32:31 DEBUG o.j.logging:164 - Logging Provider: org.jboss.logging.Slf4jLoggerProvider found via system property
2025-03-20 22:32:31 INFO  c.d.r.c.ChefControllerTest:53 - Starting ChefControllerTest using Java 17.0.12 with PID 23608 (started by Тимур in E:\Restoran)
2025-03-20 22:32:31 DEBUG c.d.r.c.ChefControllerTest:54 - Running with Spring Boot v3.4.2, Spring v6.2.2
2025-03-20 22:32:31 INFO  c.d.r.c.ChefControllerTest:652 - No active profile set, falling back to 1 default profile: "default"
2025-03-20 22:32:33 DEBUG _.s.w.s.H.Mappings:294 - 
	c.d.r.c.ChefController:
	{GET [/api/chef/{customerOrderId}/{chefId}]}: saveCustomerOrderToChef(Long,Long)
	{GET [/api/chef/waitersAndChefsNull]}: getOrdersWithNullWaiterAndChef(Long)
	{GET [/api/chef/chefsIsNull]}: getOrdersWithNullChef(Long)
	{GET [/api/chef/waitersIsNull]}: getOrdersWithNullWaiter(Long)
	{POST [/api/chef]}: saveChef(ChefDTO)
	{GET [/api/chef]}: findAllChefs()
	{GET [/api/chef/{id}]}: findChefById(Long)
2025-03-20 22:32:33 DEBUG _.s.w.s.H.Mappings:294 - 
	o.s.b.a.w.s.e.BasicErrorController:
	{ [/error]}: error(HttpServletRequest)
	{ [/error], produces [text/html]}: errorHtml(HttpServletRequest,HttpServletResponse)
2025-03-20 22:32:33 DEBUG _.s.w.s.H.Mappings:86 - 'beanNameHandlerMapping' {}
2025-03-20 22:32:33 DEBUG _.s.w.s.H.Mappings:176 - 'resourceHandlerMapping' {/webjars/**=ResourceHttpRequestHandler [classpath [META-INF/resources/webjars/]], /**=ResourceHttpRequestHandler [classpath [META-INF/resources/], classpath [resources/], classpath [static/], classpath [public/], ServletContext [/]]}
2025-03-20 22:32:33 INFO  c.d.r.c.ChefControllerTest:59 - Started ChefControllerTest in 2.745 seconds (process running for 3.876)
2025-03-20 22:32:33 INFO  c.d.r.c.ChefController:39 - Запрос на получение шефа по ID: 1, user
2025-03-20 22:33:35 DEBUG o.j.logging:164 - Logging Provider: org.jboss.logging.Slf4jLoggerProvider found via system property
2025-03-20 22:33:36 INFO  c.d.r.c.ChefControllerTest:53 - Starting ChefControllerTest using Java 17.0.12 with PID 20056 (started by Тимур in E:\Restoran)
2025-03-20 22:33:36 DEBUG c.d.r.c.ChefControllerTest:54 - Running with Spring Boot v3.4.2, Spring v6.2.2
2025-03-20 22:33:36 INFO  c.d.r.c.ChefControllerTest:652 - No active profile set, falling back to 1 default profile: "default"
2025-03-20 22:33:37 DEBUG _.s.w.s.H.Mappings:294 - 
	c.d.r.c.ChefController:
	{GET [/api/chef/{id}]}: findChefById(Long)
	{GET [/api/chef]}: findAllChefs()
	{POST [/api/chef]}: saveChef(ChefDTO)
	{GET [/api/chef/chefsIsNull]}: getOrdersWithNullChef(Long)
	{GET [/api/chef/waitersAndChefsNull]}: getOrdersWithNullWaiterAndChef(Long)
	{GET [/api/chef/{customerOrderId}/{chefId}]}: saveCustomerOrderToChef(Long,Long)
	{GET [/api/chef/waitersIsNull]}: getOrdersWithNullWaiter(Long)
2025-03-20 22:33:37 DEBUG _.s.w.s.H.Mappings:294 - 
	o.s.b.a.w.s.e.BasicErrorController:
	{ [/error]}: error(HttpServletRequest)
	{ [/error], produces [text/html]}: errorHtml(HttpServletRequest,HttpServletResponse)
2025-03-20 22:33:37 DEBUG _.s.w.s.H.Mappings:86 - 'beanNameHandlerMapping' {}
2025-03-20 22:33:37 DEBUG _.s.w.s.H.Mappings:176 - 'resourceHandlerMapping' {/webjars/**=ResourceHttpRequestHandler [classpath [META-INF/resources/webjars/]], /**=ResourceHttpRequestHandler [classpath [META-INF/resources/], classpath [resources/], classpath [static/], classpath [public/], ServletContext [/]]}
2025-03-20 22:33:38 INFO  c.d.r.c.ChefControllerTest:59 - Started ChefControllerTest in 2.751 seconds (process running for 3.957)
2025-03-20 22:33:38 INFO  c.d.r.c.ChefController:39 - Запрос на получение шефа по ID: 1, user
2025-03-20 22:36:33 DEBUG o.j.logging:164 - Logging Provider: org.jboss.logging.Slf4jLoggerProvider found via system property
2025-03-20 22:36:33 INFO  c.d.r.c.ChefControllerTest:53 - Starting ChefControllerTest using Java 17.0.12 with PID 13392 (started by Тимур in E:\Restoran)
2025-03-20 22:36:33 DEBUG c.d.r.c.ChefControllerTest:54 - Running with Spring Boot v3.4.2, Spring v6.2.2
2025-03-20 22:36:33 INFO  c.d.r.c.ChefControllerTest:652 - No active profile set, falling back to 1 default profile: "default"
2025-03-20 22:36:35 DEBUG _.s.w.s.H.Mappings:294 - 
	c.d.r.c.ChefController:
	{POST [/api/chef]}: saveChef(ChefDTO)
	{GET [/api/chef]}: findAllChefs()
	{GET [/api/chef/{id}]}: findChefById(Long)
	{GET [/api/chef/waitersAndChefsNull]}: getOrdersWithNullWaiterAndChef(Long)
	{GET [/api/chef/waitersIsNull]}: getOrdersWithNullWaiter(Long)
	{GET [/api/chef/chefsIsNull]}: getOrdersWithNullChef(Long)
	{GET [/api/chef/{customerOrderId}/{chefId}]}: saveCustomerOrderToChef(Long,Long)
2025-03-20 22:36:35 DEBUG _.s.w.s.H.Mappings:294 - 
	o.s.b.a.w.s.e.BasicErrorController:
	{ [/error]}: error(HttpServletRequest)
	{ [/error], produces [text/html]}: errorHtml(HttpServletRequest,HttpServletResponse)
2025-03-20 22:36:35 DEBUG _.s.w.s.H.Mappings:86 - 'beanNameHandlerMapping' {}
2025-03-20 22:36:35 DEBUG _.s.w.s.H.Mappings:176 - 'resourceHandlerMapping' {/webjars/**=ResourceHttpRequestHandler [classpath [META-INF/resources/webjars/]], /**=ResourceHttpRequestHandler [classpath [META-INF/resources/], classpath [resources/], classpath [static/], classpath [public/], ServletContext [/]]}
2025-03-20 22:36:36 INFO  c.d.r.c.ChefControllerTest:59 - Started ChefControllerTest in 2.904 seconds (process running for 4.03)
2025-03-20 22:36:36 INFO  c.d.r.c.ChefController:39 - Запрос на получение шефа по ID: 1, user
2025-03-20 22:38:28 DEBUG o.j.logging:164 - Logging Provider: org.jboss.logging.Slf4jLoggerProvider found via system property
2025-03-20 22:38:28 INFO  c.d.r.c.ChefControllerTest:53 - Starting ChefControllerTest using Java 17.0.12 with PID 22952 (started by Тимур in E:\Restoran)
2025-03-20 22:38:28 DEBUG c.d.r.c.ChefControllerTest:54 - Running with Spring Boot v3.4.2, Spring v6.2.2
2025-03-20 22:38:28 INFO  c.d.r.c.ChefControllerTest:652 - No active profile set, falling back to 1 default profile: "default"
2025-03-20 22:38:58 DEBUG o.j.logging:164 - Logging Provider: org.jboss.logging.Slf4jLoggerProvider found via system property
2025-03-20 22:38:58 INFO  c.d.r.c.ChefControllerTest:53 - Starting ChefControllerTest using Java 17.0.12 with PID 288 (started by Тимур in E:\Restoran)
2025-03-20 22:38:58 DEBUG c.d.r.c.ChefControllerTest:54 - Running with Spring Boot v3.4.2, Spring v6.2.2
2025-03-20 22:38:58 INFO  c.d.r.c.ChefControllerTest:652 - No active profile set, falling back to 1 default profile: "default"
2025-03-20 22:44:20 DEBUG o.j.logging:164 - Logging Provider: org.jboss.logging.Slf4jLoggerProvider found via system property
2025-03-20 22:44:20 INFO  c.d.r.c.ChefControllerTest:53 - Starting ChefControllerTest using Java 17.0.12 with PID 3896 (started by Тимур in E:\Restoran)
2025-03-20 22:44:20 DEBUG c.d.r.c.ChefControllerTest:54 - Running with Spring Boot v3.4.2, Spring v6.2.2
2025-03-20 22:44:20 INFO  c.d.r.c.ChefControllerTest:652 - No active profile set, falling back to 1 default profile: "default"
2025-03-20 22:44:34 DEBUG o.j.logging:164 - Logging Provider: org.jboss.logging.Slf4jLoggerProvider found via system property
2025-03-20 22:44:34 INFO  c.d.r.c.ChefControllerTest:53 - Starting ChefControllerTest using Java 17.0.12 with PID 25844 (started by Тимур in E:\Restoran)
2025-03-20 22:44:34 DEBUG c.d.r.c.ChefControllerTest:54 - Running with Spring Boot v3.4.2, Spring v6.2.2
2025-03-20 22:44:34 INFO  c.d.r.c.ChefControllerTest:652 - No active profile set, falling back to 1 default profile: "default"
