2025-03-17 17:57:24 DEBUG o.j.logging:164 - Logging Provider: org.jboss.logging.Slf4jLoggerProvider found via system property
2025-03-17 17:57:24 INFO  c.d.r.RestoranApplication:53 - Starting RestoranApplication using Java 17.0.12 with PID 21396 (E:\Restoran\build\classes\java\main started by Тимур in E:\Restoran)
2025-03-17 17:57:24 DEBUG c.d.r.RestoranApplication:54 - Running with Spring Boot v3.4.2, Spring v6.2.2
2025-03-17 17:57:24 INFO  c.d.r.RestoranApplication:652 - No active profile set, falling back to 1 default profile: "default"
2025-03-17 17:57:28 DEBUG c.d.r.s.j.AuthTokenFilter:240 - Filter 'authenticationJwtTokenFilter' configured for use
2025-03-17 17:57:29 DEBUG _.s.w.s.H.Mappings:294 - 
	c.d.r.c.AdminController:
	{GET [/api/admins/{id}]}: findById(long)
	{GET [/api/admins/waiters/{adminId}]}: saveWaitersToAdmin(List,Long)
	{GET [/api/admins]}: getAllAdmins()
	{POST [/api/admins]}: saveAdmin(AdminDTO)
	{GET [/api/admins/chefs/{adminId}]}: saveChefToAdmin(List,Long)
2025-03-17 17:57:29 DEBUG _.s.w.s.H.Mappings:294 - 
	c.d.r.c.ChefController:
	{GET [/api/chef/{customerOrderId}/{chefId}]}: saveCustomerOrderToChef(Long,Long)
	{GET [/api/chef/waitersAndChefsNull]}: getOrdersWithNullWaiterAndChef(Long)
	{GET [/api/chef/chefsIsNull]}: getOrdersWithNullChef(Long)
	{GET [/api/chef/waitersIsNull]}: getOrdersWithNullWaiter(Long)
	{GET [/api/chef/{id}]}: findChefById(Long)
	{POST [/api/chef]}: saveChef(ChefDTO)
	{GET [/api/chef]}: findAllChefs()
2025-03-17 17:57:29 DEBUG _.s.w.s.H.Mappings:294 - 
	c.d.r.c.CustomerController:
	{GET [/api/customers/getTotalAmount/{customerOrderId}]}: setAllPriceTotalAmount(Long)
	{GET [/api/customers/custmerorder/{orderId}/{customerOrderId}]}: saveCustomerOrderToCustomer(Long,Long)
	{DELETE [/api/customers/custmerorder/{customerId}/{customerOrderId}]}: removeCustomerOrderFromCustomer(Long,Long)
	{POST [/api/customers]}: saveCustomer(CustomerDTO)
	{GET [/api/customers]}: getCustomers()
	{GET [/api/customers/me]}: getCurrentCustomer()
2025-03-17 17:57:29 DEBUG _.s.w.s.H.Mappings:294 - 
	c.d.r.c.CustomerOrderController:
	{GET [/api/customerOrders/totalAmountCustomerOrder]}: setAllPriceTotalAmount(Long)
	{GET [/api/customerOrders/customerOrderWithNullChef]}: customerOrderWithNullChef()
	{POST [/api/customerOrders]}: createCustomerOrder(CustomerOrder)
	{GET [/api/customerOrders]}: getAllCustomerOrders()
	{GET [/api/customerOrders/customerOrderWithNullWaiter]}: customerOrderWithNullWaiter()
	{POST [/api/customerOrders/DTO/1]}: saveCustomerOrder1(CustomerOrderDTO)
	{GET [/api/customerOrders/addChefToCustomerOrder{customerOrderId}/addWaiter/{chefId}]}: addChef(Long,Long)
	{POST [/api/customerOrders/DTO]}: saveCustomerOrder(CustomerOrderDTO)
	{GET [/api/customerOrders/addWaiterToCustomerOrder{customerOrderId}/addWaiter/{waiterId}]}: addWaiter(Long,Long)
	{GET [/api/customerOrders/paidIsTrueId/{customerOrderId}]}: paidIsTrueId(Long)
2025-03-17 17:57:29 DEBUG _.s.w.s.H.Mappings:294 - 
	c.d.r.c.DishController:
	{GET [/api/dishes/underPrice]}: getDishesUnderPrice(Double)
	{GET [/api/dishes/{id}]}: findDishById(long)
	{DELETE [/api/dishes/{id}]}: deleteDish(Long)
	{POST [/api/dishes]}: saveDish(DishDTO)
	{GET [/api/dishes]}: getAllDishes()
2025-03-17 17:57:29 DEBUG _.s.w.s.H.Mappings:294 - 
	c.d.r.c.WaiterController:
	{GET [/api/waiter/custmerorder/{waiterId}/{customerOrderIds}]}: saveCustomerOrderToWaiter(Long,Long)
	{DELETE [/api/waiter/custmerorder/{waiterId}/{customerOrderIds}]}: removeCustomerOrderFromWaiter(Long,Long)
	{GET [/api/waiter]}: getWaiters()
	{POST [/api/waiter]}: saveWaiter(WaiterDTO)
	{GET [/api/waiter/addToCustomerOrder/{waiterId}/{customerOrderId}]}: addToCustomerOrder(Long,Long)
2025-03-17 17:57:29 DEBUG _.s.w.s.H.Mappings:294 - 
	c.d.r.s.c.AuthController:
	{POST [/api/auth/signup]}: registerUser(SignupRequest)
	{POST [/api/auth/signin]}: authenticateUser(LoginRequest)
2025-03-17 17:57:29 DEBUG _.s.w.s.H.Mappings:294 - 
	o.s.b.a.w.s.e.BasicErrorController:
	{ [/error]}: error(HttpServletRequest)
	{ [/error], produces [text/html]}: errorHtml(HttpServletRequest,HttpServletResponse)
2025-03-17 17:57:29 DEBUG _.s.w.s.H.Mappings:294 - 
	o.s.w.a.OpenApiWebMvcResource:
	{GET [/v3/api-docs], produces [application/json]}: openapiJson(HttpServletRequest,String,Locale)
	{GET [/v3/api-docs.yaml], produces [application/vnd.oai.openapi]}: openapiYaml(HttpServletRequest,String,Locale)
2025-03-17 17:57:29 DEBUG _.s.w.s.H.Mappings:294 - 
	o.s.w.u.SwaggerWelcomeWebMvc:
	{GET [/swagger-ui.html]}: redirectToUi(HttpServletRequest)
2025-03-17 17:57:29 DEBUG _.s.w.s.H.Mappings:294 - 
	o.s.w.u.SwaggerConfigResource:
	{GET [/v3/api-docs/swagger-config], produces [application/json]}: openapiJson(HttpServletRequest)
2025-03-17 17:57:29 DEBUG _.s.w.s.H.Mappings:86 - 'beanNameHandlerMapping' {}
2025-03-17 17:57:29 DEBUG _.s.w.s.H.Mappings:176 - 'resourceHandlerMapping' {/webjars/**=ResourceHttpRequestHandler [classpath [META-INF/resources/webjars/]], /**=ResourceHttpRequestHandler [classpath [META-INF/resources/], classpath [resources/], classpath [static/], classpath [public/], ServletContext [/]], /swagger-ui*/*swagger-initializer.js=ResourceHttpRequestHandler [classpath [META-INF/resources/webjars/]], /swagger-ui*/**=ResourceHttpRequestHandler [classpath [META-INF/resources/webjars/]]}
2025-03-17 17:57:29 INFO  c.d.r.RestoranApplication:59 - Started RestoranApplication in 5.219 seconds (process running for 5.684)
2025-03-17 18:11:02 DEBUG o.j.logging:164 - Logging Provider: org.jboss.logging.Slf4jLoggerProvider found via system property
2025-03-17 18:11:02 INFO  c.d.r.RestoranApplication:53 - Starting RestoranApplication using Java 17.0.12 with PID 13928 (E:\Restoran\build\classes\java\main started by Тимур in E:\Restoran)
2025-03-17 18:11:02 DEBUG c.d.r.RestoranApplication:54 - Running with Spring Boot v3.4.2, Spring v6.2.2
2025-03-17 18:11:02 INFO  c.d.r.RestoranApplication:652 - No active profile set, falling back to 1 default profile: "default"
2025-03-17 18:11:06 DEBUG c.d.r.s.j.AuthTokenFilter:240 - Filter 'authenticationJwtTokenFilter' configured for use
2025-03-17 18:11:07 DEBUG _.s.w.s.H.Mappings:294 - 
	c.d.r.c.AdminController:
	{GET [/api/admins/{id}]}: findById(long)
	{GET [/api/admins]}: getAllAdmins()
	{POST [/api/admins]}: saveAdmin(AdminDTO)
	{GET [/api/admins/chefs/{adminId}]}: saveChefToAdmin(List,Long)
	{GET [/api/admins/waiters/{adminId}]}: saveWaitersToAdmin(List,Long)
2025-03-17 18:11:07 DEBUG _.s.w.s.H.Mappings:294 - 
	c.d.r.c.ChefController:
	{GET [/api/chef]}: findAllChefs()
	{GET [/api/chef/{id}]}: findChefById(Long)
	{GET [/api/chef/waitersIsNull]}: getOrdersWithNullWaiter(Long)
	{GET [/api/chef/chefsIsNull]}: getOrdersWithNullChef(Long)
	{GET [/api/chef/{customerOrderId}/{chefId}]}: saveCustomerOrderToChef(Long,Long)
	{GET [/api/chef/waitersAndChefsNull]}: getOrdersWithNullWaiterAndChef(Long)
	{POST [/api/chef]}: saveChef(ChefDTO)
2025-03-17 18:11:07 DEBUG _.s.w.s.H.Mappings:294 - 
	c.d.r.c.CustomerController:
	{DELETE [/api/customers/custmerorder/{customerId}/{customerOrderId}]}: removeCustomerOrderFromCustomer(Long,Long)
	{GET [/api/customers/custmerorder/{orderId}/{customerOrderId}]}: saveCustomerOrderToCustomer(Long,Long)
	{GET [/api/customers/getTotalAmount/{customerOrderId}]}: setAllPriceTotalAmount(Long)
	{GET [/api/customers/me]}: getCurrentCustomer()
	{GET [/api/customers]}: getCustomers()
	{POST [/api/customers]}: saveCustomer(CustomerDTO)
2025-03-17 18:11:07 DEBUG _.s.w.s.H.Mappings:294 - 
	c.d.r.c.CustomerOrderController:
	{GET [/api/customerOrders/totalAmountCustomerOrder]}: setAllPriceTotalAmount(Long)
	{GET [/api/customerOrders]}: getAllCustomerOrders()
	{GET [/api/customerOrders/customerOrderWithNullChef]}: customerOrderWithNullChef()
	{GET [/api/customerOrders/customerOrderWithNullWaiter]}: customerOrderWithNullWaiter()
	{POST [/api/customerOrders]}: createCustomerOrder(CustomerOrder)
	{POST [/api/customerOrders/DTO/1]}: saveCustomerOrder1(CustomerOrderDTO)
	{POST [/api/customerOrders/DTO]}: saveCustomerOrder(CustomerOrderDTO)
	{GET [/api/customerOrders/paidIsTrueId/{customerOrderId}]}: paidIsTrueId(Long)
	{GET [/api/customerOrders/addChefToCustomerOrder{customerOrderId}/addWaiter/{chefId}]}: addChef(Long,Long)
	{GET [/api/customerOrders/addWaiterToCustomerOrder{customerOrderId}/addWaiter/{waiterId}]}: addWaiter(Long,Long)
2025-03-17 18:11:07 DEBUG _.s.w.s.H.Mappings:294 - 
	c.d.r.c.DishController:
	{GET [/api/dishes]}: getAllDishes()
	{GET [/api/dishes/{id}]}: findDishById(long)
	{DELETE [/api/dishes/{id}]}: deleteDish(Long)
	{POST [/api/dishes]}: saveDish(DishDTO)
	{GET [/api/dishes/underPrice]}: getDishesUnderPrice(Double)
2025-03-17 18:11:07 DEBUG _.s.w.s.H.Mappings:294 - 
	c.d.r.c.WaiterController:
	{POST [/api/waiter]}: saveWaiter(WaiterDTO)
	{GET [/api/waiter/addToCustomerOrder/{waiterId}/{customerOrderId}]}: addToCustomerOrder(Long,Long)
	{GET [/api/waiter]}: getWaiters()
	{GET [/api/waiter/custmerorder/{waiterId}/{customerOrderIds}]}: saveCustomerOrderToWaiter(Long,Long)
	{DELETE [/api/waiter/custmerorder/{waiterId}/{customerOrderIds}]}: removeCustomerOrderFromWaiter(Long,Long)
2025-03-17 18:11:07 DEBUG _.s.w.s.H.Mappings:294 - 
	c.d.r.s.c.AuthController:
	{POST [/api/auth/signup]}: registerUser(SignupRequest)
	{POST [/api/auth/signin]}: authenticateUser(LoginRequest)
2025-03-17 18:11:07 DEBUG _.s.w.s.H.Mappings:294 - 
	o.s.b.a.w.s.e.BasicErrorController:
	{ [/error]}: error(HttpServletRequest)
	{ [/error], produces [text/html]}: errorHtml(HttpServletRequest,HttpServletResponse)
2025-03-17 18:11:07 DEBUG _.s.w.s.H.Mappings:294 - 
	o.s.w.a.OpenApiWebMvcResource:
	{GET [/v3/api-docs.yaml], produces [application/vnd.oai.openapi]}: openapiYaml(HttpServletRequest,String,Locale)
	{GET [/v3/api-docs], produces [application/json]}: openapiJson(HttpServletRequest,String,Locale)
2025-03-17 18:11:07 DEBUG _.s.w.s.H.Mappings:294 - 
	o.s.w.u.SwaggerWelcomeWebMvc:
	{GET [/swagger-ui.html]}: redirectToUi(HttpServletRequest)
2025-03-17 18:11:07 DEBUG _.s.w.s.H.Mappings:294 - 
	o.s.w.u.SwaggerConfigResource:
	{GET [/v3/api-docs/swagger-config], produces [application/json]}: openapiJson(HttpServletRequest)
2025-03-17 18:11:07 DEBUG _.s.w.s.H.Mappings:86 - 'beanNameHandlerMapping' {}
2025-03-17 18:11:07 DEBUG _.s.w.s.H.Mappings:176 - 'resourceHandlerMapping' {/webjars/**=ResourceHttpRequestHandler [classpath [META-INF/resources/webjars/]], /**=ResourceHttpRequestHandler [classpath [META-INF/resources/], classpath [resources/], classpath [static/], classpath [public/], ServletContext [/]], /swagger-ui*/*swagger-initializer.js=ResourceHttpRequestHandler [classpath [META-INF/resources/webjars/]], /swagger-ui*/**=ResourceHttpRequestHandler [classpath [META-INF/resources/webjars/]]}
2025-03-17 18:11:07 INFO  c.d.r.RestoranApplication:59 - Started RestoranApplication in 5.128 seconds (process running for 5.549)
2025-03-17 18:30:48 DEBUG o.j.logging:164 - Logging Provider: org.jboss.logging.Slf4jLoggerProvider found via system property
2025-03-17 18:30:48 INFO  c.d.r.RestoranApplication:53 - Starting RestoranApplication using Java 17.0.12 with PID 9872 (E:\Restoran\build\classes\java\main started by Тимур in E:\Restoran)
2025-03-17 18:30:48 DEBUG c.d.r.RestoranApplication:54 - Running with Spring Boot v3.4.2, Spring v6.2.2
2025-03-17 18:30:48 INFO  c.d.r.RestoranApplication:652 - No active profile set, falling back to 1 default profile: "default"
2025-03-17 18:30:52 DEBUG c.d.r.s.j.AuthTokenFilter:240 - Filter 'authenticationJwtTokenFilter' configured for use
2025-03-17 18:30:52 DEBUG _.s.w.s.H.Mappings:294 - 
	c.d.r.c.AdminController:
	{GET [/api/admins/{id}]}: findById(long)
	{GET [/api/admins/waiters/{adminId}]}: saveWaitersToAdmin(List,Long)
	{POST [/api/admins]}: saveAdmin(AdminDTO)
	{GET [/api/admins/chefs/{adminId}]}: saveChefToAdmin(List,Long)
	{GET [/api/admins]}: getAllAdmins()
2025-03-17 18:30:52 DEBUG _.s.w.s.H.Mappings:294 - 
	c.d.r.c.ChefController:
	{POST [/api/chef]}: saveChef(ChefDTO)
	{GET [/api/chef/{id}]}: findChefById(Long)
	{GET [/api/chef]}: findAllChefs()
	{GET [/api/chef/chefsIsNull]}: getOrdersWithNullChef(Long)
	{GET [/api/chef/waitersIsNull]}: getOrdersWithNullWaiter(Long)
	{GET [/api/chef/waitersAndChefsNull]}: getOrdersWithNullWaiterAndChef(Long)
	{GET [/api/chef/{customerOrderId}/{chefId}]}: saveCustomerOrderToChef(Long,Long)
2025-03-17 18:30:52 DEBUG _.s.w.s.H.Mappings:294 - 
	c.d.r.c.CustomerController:
	{POST [/api/customers]}: saveCustomer(CustomerDTO)
	{GET [/api/customers]}: getCustomers()
	{GET [/api/customers/getTotalAmount/{customerOrderId}]}: setAllPriceTotalAmount(Long)
	{DELETE [/api/customers/custmerorder/{customerId}/{customerOrderId}]}: removeCustomerOrderFromCustomer(Long,Long)
	{GET [/api/customers/custmerorder/{orderId}/{customerOrderId}]}: saveCustomerOrderToCustomer(Long,Long)
	{GET [/api/customers/me]}: getCurrentCustomer()
2025-03-17 18:30:52 DEBUG _.s.w.s.H.Mappings:294 - 
	c.d.r.c.CustomerOrderController:
	{GET [/api/customerOrders/totalAmountCustomerOrder]}: setAllPriceTotalAmount(Long)
	{GET [/api/customerOrders/customerOrderWithNullWaiter]}: customerOrderWithNullWaiter()
	{GET [/api/customerOrders/customerOrderWithNullChef]}: customerOrderWithNullChef()
	{GET [/api/customerOrders]}: getAllCustomerOrders()
	{POST [/api/customerOrders]}: createCustomerOrder(CustomerOrder)
	{POST [/api/customerOrders/DTO/1]}: saveCustomerOrder1(CustomerOrderDTO)
	{POST [/api/customerOrders/DTO]}: saveCustomerOrder(CustomerOrderDTO)
	{GET [/api/customerOrders/addWaiterToCustomerOrder{customerOrderId}/addWaiter/{waiterId}]}: addWaiter(Long,Long)
	{GET [/api/customerOrders/addChefToCustomerOrder{customerOrderId}/addWaiter/{chefId}]}: addChef(Long,Long)
	{GET [/api/customerOrders/paidIsTrueId/{customerOrderId}]}: paidIsTrueId(Long)
2025-03-17 18:30:52 DEBUG _.s.w.s.H.Mappings:294 - 
	c.d.r.c.DishController:
	{GET [/api/dishes/underPrice]}: getDishesUnderPrice(Double)
	{POST [/api/dishes]}: saveDish(DishDTO)
	{GET [/api/dishes]}: getAllDishes()
	{GET [/api/dishes/{id}]}: findDishById(long)
	{DELETE [/api/dishes/{id}]}: deleteDish(Long)
2025-03-17 18:30:52 DEBUG _.s.w.s.H.Mappings:294 - 
	c.d.r.c.WaiterController:
	{DELETE [/api/waiter/custmerorder/{waiterId}/{customerOrderIds}]}: removeCustomerOrderFromWaiter(Long,Long)
	{GET [/api/waiter/custmerorder/{waiterId}/{customerOrderIds}]}: saveCustomerOrderToWaiter(Long,Long)
	{POST [/api/waiter]}: saveWaiter(WaiterDTO)
	{GET [/api/waiter/addToCustomerOrder/{waiterId}/{customerOrderId}]}: addToCustomerOrder(Long,Long)
	{GET [/api/waiter]}: getWaiters()
2025-03-17 18:30:52 DEBUG _.s.w.s.H.Mappings:294 - 
	c.d.r.s.c.AuthController:
	{POST [/api/auth/signup]}: registerUser(SignupRequest)
	{POST [/api/auth/signin]}: authenticateUser(LoginRequest)
2025-03-17 18:30:52 DEBUG _.s.w.s.H.Mappings:294 - 
	o.s.b.a.w.s.e.BasicErrorController:
	{ [/error]}: error(HttpServletRequest)
	{ [/error], produces [text/html]}: errorHtml(HttpServletRequest,HttpServletResponse)
2025-03-17 18:30:52 DEBUG _.s.w.s.H.Mappings:294 - 
	o.s.w.a.OpenApiWebMvcResource:
	{GET [/v3/api-docs.yaml], produces [application/vnd.oai.openapi]}: openapiYaml(HttpServletRequest,String,Locale)
	{GET [/v3/api-docs], produces [application/json]}: openapiJson(HttpServletRequest,String,Locale)
2025-03-17 18:30:52 DEBUG _.s.w.s.H.Mappings:294 - 
	o.s.w.u.SwaggerWelcomeWebMvc:
	{GET [/swagger-ui.html]}: redirectToUi(HttpServletRequest)
2025-03-17 18:30:52 DEBUG _.s.w.s.H.Mappings:294 - 
	o.s.w.u.SwaggerConfigResource:
	{GET [/v3/api-docs/swagger-config], produces [application/json]}: openapiJson(HttpServletRequest)
2025-03-17 18:30:52 DEBUG _.s.w.s.H.Mappings:86 - 'beanNameHandlerMapping' {}
2025-03-17 18:30:52 DEBUG _.s.w.s.H.Mappings:176 - 'resourceHandlerMapping' {/webjars/**=ResourceHttpRequestHandler [classpath [META-INF/resources/webjars/]], /**=ResourceHttpRequestHandler [classpath [META-INF/resources/], classpath [resources/], classpath [static/], classpath [public/], ServletContext [/]], /swagger-ui*/*swagger-initializer.js=ResourceHttpRequestHandler [classpath [META-INF/resources/webjars/]], /swagger-ui*/**=ResourceHttpRequestHandler [classpath [META-INF/resources/webjars/]]}
2025-03-17 18:30:53 INFO  c.d.r.RestoranApplication:59 - Started RestoranApplication in 4.674 seconds (process running for 5.137)
2025-03-17 18:50:08 DEBUG o.j.logging:164 - Logging Provider: org.jboss.logging.Slf4jLoggerProvider found via system property
2025-03-17 18:50:08 INFO  c.d.r.RestoranApplication:53 - Starting RestoranApplication using Java 17.0.12 with PID 8636 (E:\Restoran\build\classes\java\main started by Тимур in E:\Restoran)
2025-03-17 18:50:08 DEBUG c.d.r.RestoranApplication:54 - Running with Spring Boot v3.4.2, Spring v6.2.2
2025-03-17 18:50:08 INFO  c.d.r.RestoranApplication:652 - No active profile set, falling back to 1 default profile: "default"
2025-03-17 18:50:11 DEBUG c.d.r.s.j.AuthTokenFilter:240 - Filter 'authenticationJwtTokenFilter' configured for use
2025-03-17 18:50:12 DEBUG _.s.w.s.H.Mappings:294 - 
	c.d.r.c.AdminController:
	{GET [/api/admins/{id}]}: findById(long)
	{GET [/api/admins]}: getAllAdmins()
	{GET [/api/admins/chefs/{adminId}]}: saveChefToAdmin(List,Long)
	{POST [/api/admins]}: saveAdmin(AdminDTO)
	{GET [/api/admins/waiters/{adminId}]}: saveWaitersToAdmin(List,Long)
2025-03-17 18:50:12 DEBUG _.s.w.s.H.Mappings:294 - 
	c.d.r.c.ChefController:
	{GET [/api/chef/{customerOrderId}/{chefId}]}: saveCustomerOrderToChef(Long,Long)
	{GET [/api/chef/waitersIsNull]}: getOrdersWithNullWaiter(Long)
	{GET [/api/chef/waitersAndChefsNull]}: getOrdersWithNullWaiterAndChef(Long)
	{GET [/api/chef/chefsIsNull]}: getOrdersWithNullChef(Long)
	{GET [/api/chef]}: findAllChefs()
	{POST [/api/chef]}: saveChef(ChefDTO)
	{GET [/api/chef/{id}]}: findChefById(Long)
2025-03-17 18:50:12 DEBUG _.s.w.s.H.Mappings:294 - 
	c.d.r.c.CustomerController:
	{GET [/api/customers/getTotalAmount/{customerOrderId}]}: setAllPriceTotalAmount(Long)
	{DELETE [/api/customers/custmerorder/{customerId}/{customerOrderId}]}: removeCustomerOrderFromCustomer(Long,Long)
	{GET [/api/customers/custmerorder/{orderId}/{customerOrderId}]}: saveCustomerOrderToCustomer(Long,Long)
	{POST [/api/customers]}: saveCustomer(CustomerDTO)
	{GET [/api/customers]}: getCustomers()
	{GET [/api/customers/me]}: getCurrentCustomer()
2025-03-17 18:50:12 DEBUG _.s.w.s.H.Mappings:294 - 
	c.d.r.c.CustomerOrderController:
	{GET [/api/customerOrders/totalAmountCustomerOrder]}: setAllPriceTotalAmount(Long)
	{GET [/api/customerOrders/customerOrderWithNullWaiter]}: customerOrderWithNullWaiter()
	{GET [/api/customerOrders/customerOrderWithNullChef]}: customerOrderWithNullChef()
	{POST [/api/customerOrders]}: createCustomerOrder(CustomerOrder)
	{GET [/api/customerOrders]}: getAllCustomerOrders()
	{POST [/api/customerOrders/DTO/1]}: saveCustomerOrder1(CustomerOrderDTO)
	{POST [/api/customerOrders/DTO]}: saveCustomerOrder(CustomerOrderDTO)
	{GET [/api/customerOrders/addWaiterToCustomerOrder{customerOrderId}/addWaiter/{waiterId}]}: addWaiter(Long,Long)
	{GET [/api/customerOrders/addChefToCustomerOrder{customerOrderId}/addWaiter/{chefId}]}: addChef(Long,Long)
	{GET [/api/customerOrders/paidIsTrueId/{customerOrderId}]}: paidIsTrueId(Long)
2025-03-17 18:50:12 DEBUG _.s.w.s.H.Mappings:294 - 
	c.d.r.c.DishController:
	{POST [/api/dishes]}: saveDish(DishDTO)
	{GET [/api/dishes]}: getAllDishes()
	{DELETE [/api/dishes/{id}]}: deleteDish(Long)
	{GET [/api/dishes/{id}]}: findDishById(long)
	{GET [/api/dishes/underPrice]}: getDishesUnderPrice(Double)
2025-03-17 18:50:12 DEBUG _.s.w.s.H.Mappings:294 - 
	c.d.r.c.WaiterController:
	{GET [/api/waiter]}: getWaiters()
	{POST [/api/waiter]}: saveWaiter(WaiterDTO)
	{GET [/api/waiter/addToCustomerOrder/{waiterId}/{customerOrderId}]}: addToCustomerOrder(Long,Long)
	{GET [/api/waiter/custmerorder/{waiterId}/{customerOrderIds}]}: saveCustomerOrderToWaiter(Long,Long)
	{DELETE [/api/waiter/custmerorder/{waiterId}/{customerOrderIds}]}: removeCustomerOrderFromWaiter(Long,Long)
2025-03-17 18:50:12 DEBUG _.s.w.s.H.Mappings:294 - 
	c.d.r.s.c.AuthController:
	{POST [/api/auth/signup]}: registerUser(SignupRequest)
	{POST [/api/auth/signin]}: authenticateUser(LoginRequest)
2025-03-17 18:50:12 DEBUG _.s.w.s.H.Mappings:294 - 
	o.s.b.a.w.s.e.BasicErrorController:
	{ [/error]}: error(HttpServletRequest)
	{ [/error], produces [text/html]}: errorHtml(HttpServletRequest,HttpServletResponse)
2025-03-17 18:50:12 DEBUG _.s.w.s.H.Mappings:294 - 
	o.s.w.a.OpenApiWebMvcResource:
	{GET [/v3/api-docs], produces [application/json]}: openapiJson(HttpServletRequest,String,Locale)
	{GET [/v3/api-docs.yaml], produces [application/vnd.oai.openapi]}: openapiYaml(HttpServletRequest,String,Locale)
2025-03-17 18:50:12 DEBUG _.s.w.s.H.Mappings:294 - 
	o.s.w.u.SwaggerWelcomeWebMvc:
	{GET [/swagger-ui.html]}: redirectToUi(HttpServletRequest)
2025-03-17 18:50:12 DEBUG _.s.w.s.H.Mappings:294 - 
	o.s.w.u.SwaggerConfigResource:
	{GET [/v3/api-docs/swagger-config], produces [application/json]}: openapiJson(HttpServletRequest)
2025-03-17 18:50:12 DEBUG _.s.w.s.H.Mappings:86 - 'beanNameHandlerMapping' {}
2025-03-17 18:50:12 DEBUG _.s.w.s.H.Mappings:176 - 'resourceHandlerMapping' {/webjars/**=ResourceHttpRequestHandler [classpath [META-INF/resources/webjars/]], /**=ResourceHttpRequestHandler [classpath [META-INF/resources/], classpath [resources/], classpath [static/], classpath [public/], ServletContext [/]], /swagger-ui*/*swagger-initializer.js=ResourceHttpRequestHandler [classpath [META-INF/resources/webjars/]], /swagger-ui*/**=ResourceHttpRequestHandler [classpath [META-INF/resources/webjars/]]}
2025-03-17 18:50:12 INFO  c.d.r.RestoranApplication:59 - Started RestoranApplication in 4.859 seconds (process running for 5.312)
2025-03-17 18:59:53 DEBUG o.j.logging:164 - Logging Provider: org.jboss.logging.Slf4jLoggerProvider found via system property
2025-03-17 18:59:53 INFO  c.d.r.RestoranApplication:53 - Starting RestoranApplication using Java 17.0.12 with PID 23532 (E:\Restoran\build\classes\java\main started by Тимур in E:\Restoran)
2025-03-17 18:59:53 DEBUG c.d.r.RestoranApplication:54 - Running with Spring Boot v3.4.2, Spring v6.2.2
2025-03-17 18:59:53 INFO  c.d.r.RestoranApplication:652 - No active profile set, falling back to 1 default profile: "default"
2025-03-17 18:59:56 DEBUG c.d.r.s.j.AuthTokenFilter:240 - Filter 'authenticationJwtTokenFilter' configured for use
2025-03-17 18:59:57 DEBUG _.s.w.s.H.Mappings:294 - 
	c.d.r.c.AdminController:
	{GET [/api/admins/{id}]}: findById(long)
	{POST [/api/admins]}: saveAdmin(AdminDTO)
	{GET [/api/admins/chefs/{adminId}]}: saveChefToAdmin(List,Long)
	{GET [/api/admins]}: getAllAdmins()
	{GET [/api/admins/waiters/{adminId}]}: saveWaitersToAdmin(List,Long)
2025-03-17 18:59:57 DEBUG _.s.w.s.H.Mappings:294 - 
	c.d.r.c.ChefController:
	{GET [/api/chef/chefsIsNull]}: getOrdersWithNullChef(Long)
	{GET [/api/chef/waitersIsNull]}: getOrdersWithNullWaiter(Long)
	{GET [/api/chef/waitersAndChefsNull]}: getOrdersWithNullWaiterAndChef(Long)
	{GET [/api/chef/{customerOrderId}/{chefId}]}: saveCustomerOrderToChef(Long,Long)
	{GET [/api/chef/{id}]}: findChefById(Long)
	{GET [/api/chef]}: findAllChefs()
	{POST [/api/chef]}: saveChef(ChefDTO)
2025-03-17 18:59:57 DEBUG _.s.w.s.H.Mappings:294 - 
	c.d.r.c.CustomerController:
	{GET [/api/customers/custmerorder/{orderId}/{customerOrderId}]}: saveCustomerOrderToCustomer(Long,Long)
	{GET [/api/customers/getTotalAmount/{customerOrderId}]}: setAllPriceTotalAmount(Long)
	{DELETE [/api/customers/custmerorder/{customerId}/{customerOrderId}]}: removeCustomerOrderFromCustomer(Long,Long)
	{POST [/api/customers]}: saveCustomer(CustomerDTO)
	{GET [/api/customers]}: getCustomers()
	{GET [/api/customers/me]}: getCurrentCustomer()
2025-03-17 18:59:57 DEBUG _.s.w.s.H.Mappings:294 - 
	c.d.r.c.CustomerOrderController:
	{POST [/api/customerOrders]}: createCustomerOrder(CustomerOrder)
	{GET [/api/customerOrders]}: getAllCustomerOrders()
	{GET [/api/customerOrders/customerOrderWithNullChef]}: customerOrderWithNullChef()
	{GET [/api/customerOrders/customerOrderWithNullWaiter]}: customerOrderWithNullWaiter()
	{GET [/api/customerOrders/totalAmountCustomerOrder]}: setAllPriceTotalAmount(Long)
	{POST [/api/customerOrders/DTO/1]}: saveCustomerOrder1(CustomerOrderDTO)
	{POST [/api/customerOrders/DTO]}: saveCustomerOrder(CustomerOrderDTO)
	{GET [/api/customerOrders/addWaiterToCustomerOrder{customerOrderId}/addWaiter/{waiterId}]}: addWaiter(Long,Long)
	{GET [/api/customerOrders/addChefToCustomerOrder{customerOrderId}/addWaiter/{chefId}]}: addChef(Long,Long)
	{GET [/api/customerOrders/paidIsTrueId/{customerOrderId}]}: paidIsTrueId(Long)
2025-03-17 18:59:57 DEBUG _.s.w.s.H.Mappings:294 - 
	c.d.r.c.DishController:
	{GET [/api/dishes/underPrice]}: getDishesUnderPrice(Double)
	{POST [/api/dishes]}: saveDish(DishDTO)
	{GET [/api/dishes]}: getAllDishes()
	{DELETE [/api/dishes/{id}]}: deleteDish(Long)
	{GET [/api/dishes/{id}]}: findDishById(long)
2025-03-17 18:59:57 DEBUG _.s.w.s.H.Mappings:294 - 
	c.d.r.c.WaiterController:
	{GET [/api/waiter/custmerorder/{waiterId}/{customerOrderIds}]}: saveCustomerOrderToWaiter(Long,Long)
	{DELETE [/api/waiter/custmerorder/{waiterId}/{customerOrderIds}]}: removeCustomerOrderFromWaiter(Long,Long)
	{POST [/api/waiter]}: saveWaiter(WaiterDTO)
	{GET [/api/waiter]}: getWaiters()
	{GET [/api/waiter/addToCustomerOrder/{waiterId}/{customerOrderId}]}: addToCustomerOrder(Long,Long)
2025-03-17 18:59:57 DEBUG _.s.w.s.H.Mappings:294 - 
	c.d.r.s.c.AuthController:
	{POST [/api/auth/signup]}: registerUser(SignupRequest)
	{POST [/api/auth/signin]}: authenticateUser(LoginRequest)
2025-03-17 18:59:57 DEBUG _.s.w.s.H.Mappings:294 - 
	o.s.b.a.w.s.e.BasicErrorController:
	{ [/error]}: error(HttpServletRequest)
	{ [/error], produces [text/html]}: errorHtml(HttpServletRequest,HttpServletResponse)
2025-03-17 18:59:57 DEBUG _.s.w.s.H.Mappings:294 - 
	o.s.w.a.OpenApiWebMvcResource:
	{GET [/v3/api-docs.yaml], produces [application/vnd.oai.openapi]}: openapiYaml(HttpServletRequest,String,Locale)
	{GET [/v3/api-docs], produces [application/json]}: openapiJson(HttpServletRequest,String,Locale)
2025-03-17 18:59:57 DEBUG _.s.w.s.H.Mappings:294 - 
	o.s.w.u.SwaggerWelcomeWebMvc:
	{GET [/swagger-ui.html]}: redirectToUi(HttpServletRequest)
2025-03-17 18:59:57 DEBUG _.s.w.s.H.Mappings:294 - 
	o.s.w.u.SwaggerConfigResource:
	{GET [/v3/api-docs/swagger-config], produces [application/json]}: openapiJson(HttpServletRequest)
2025-03-17 18:59:57 DEBUG _.s.w.s.H.Mappings:86 - 'beanNameHandlerMapping' {}
2025-03-17 18:59:57 DEBUG _.s.w.s.H.Mappings:176 - 'resourceHandlerMapping' {/webjars/**=ResourceHttpRequestHandler [classpath [META-INF/resources/webjars/]], /**=ResourceHttpRequestHandler [classpath [META-INF/resources/], classpath [resources/], classpath [static/], classpath [public/], ServletContext [/]], /swagger-ui*/*swagger-initializer.js=ResourceHttpRequestHandler [classpath [META-INF/resources/webjars/]], /swagger-ui*/**=ResourceHttpRequestHandler [classpath [META-INF/resources/webjars/]]}
2025-03-17 18:59:57 INFO  c.d.r.RestoranApplication:59 - Started RestoranApplication in 4.817 seconds (process running for 5.257)
2025-03-17 19:28:20 DEBUG o.j.logging:164 - Logging Provider: org.jboss.logging.Slf4jLoggerProvider found via system property
2025-03-17 19:28:20 INFO  c.d.r.RestoranApplication:53 - Starting RestoranApplication using Java 17.0.12 with PID 19412 (E:\Restoran\build\classes\java\main started by Тимур in E:\Restoran)
2025-03-17 19:28:20 DEBUG c.d.r.RestoranApplication:54 - Running with Spring Boot v3.4.2, Spring v6.2.2
2025-03-17 19:28:20 INFO  c.d.r.RestoranApplication:652 - No active profile set, falling back to 1 default profile: "default"
2025-03-17 19:28:23 DEBUG c.d.r.s.j.AuthTokenFilter:240 - Filter 'authenticationJwtTokenFilter' configured for use
2025-03-17 19:28:24 DEBUG _.s.w.s.H.Mappings:294 - 
	c.d.r.c.AdminController:
	{POST [/api/admins]}: saveAdmin(AdminDTO)
	{GET [/api/admins/chefs/{adminId}]}: saveChefToAdmin(List,Long)
	{GET [/api/admins]}: getAllAdmins()
	{GET [/api/admins/waiters/{adminId}]}: saveWaitersToAdmin(List,Long)
	{GET [/api/admins/{id}]}: findById(long)
2025-03-17 19:28:24 DEBUG _.s.w.s.H.Mappings:294 - 
	c.d.r.c.ChefController:
	{POST [/api/chef]}: saveChef(ChefDTO)
	{GET [/api/chef]}: findAllChefs()
	{GET [/api/chef/{id}]}: findChefById(Long)
	{GET [/api/chef/waitersIsNull]}: getOrdersWithNullWaiter(Long)
	{GET [/api/chef/{customerOrderId}/{chefId}]}: saveCustomerOrderToChef(Long,Long)
	{GET [/api/chef/chefsIsNull]}: getOrdersWithNullChef(Long)
	{GET [/api/chef/waitersAndChefsNull]}: getOrdersWithNullWaiterAndChef(Long)
2025-03-17 19:28:24 DEBUG _.s.w.s.H.Mappings:294 - 
	c.d.r.c.CustomerController:
	{POST [/api/customers]}: saveCustomer(CustomerDTO)
	{GET [/api/customers/me]}: getCurrentCustomer()
	{GET [/api/customers]}: getCustomers()
	{DELETE [/api/customers/custmerorder/{customerId}/{customerOrderId}]}: removeCustomerOrderFromCustomer(Long,Long)
	{GET [/api/customers/getTotalAmount/{customerOrderId}]}: setAllPriceTotalAmount(Long)
	{GET [/api/customers/custmerorder/{orderId}/{customerOrderId}]}: saveCustomerOrderToCustomer(Long,Long)
2025-03-17 19:28:24 DEBUG _.s.w.s.H.Mappings:294 - 
	c.d.r.c.CustomerOrderController:
	{POST [/api/customerOrders/DTO/1]}: saveCustomerOrder1(CustomerOrderDTO)
	{POST [/api/customerOrders/DTO]}: saveCustomerOrder(CustomerOrderDTO)
	{GET [/api/customerOrders/paidIsTrueId/{customerOrderId}]}: paidIsTrueId(Long)
	{GET [/api/customerOrders/addWaiterToCustomerOrder{customerOrderId}/addWaiter/{waiterId}]}: addWaiter(Long,Long)
	{GET [/api/customerOrders/addChefToCustomerOrder{customerOrderId}/addWaiter/{chefId}]}: addChef(Long,Long)
	{GET [/api/customerOrders]}: getAllCustomerOrders()
	{GET [/api/customerOrders/customerOrderWithNullChef]}: customerOrderWithNullChef()
	{POST [/api/customerOrders]}: createCustomerOrder(CustomerOrder)
	{GET [/api/customerOrders/totalAmountCustomerOrder]}: setAllPriceTotalAmount(Long)
	{GET [/api/customerOrders/customerOrderWithNullWaiter]}: customerOrderWithNullWaiter()
2025-03-17 19:28:24 DEBUG _.s.w.s.H.Mappings:294 - 
	c.d.r.c.DishController:
	{DELETE [/api/dishes/{id}]}: deleteDish(Long)
	{GET [/api/dishes/{id}]}: findDishById(long)
	{POST [/api/dishes]}: saveDish(DishDTO)
	{GET [/api/dishes]}: getAllDishes()
	{GET [/api/dishes/underPrice]}: getDishesUnderPrice(Double)
2025-03-17 19:28:24 DEBUG _.s.w.s.H.Mappings:294 - 
	c.d.r.c.WaiterController:
	{POST [/api/waiter]}: saveWaiter(WaiterDTO)
	{GET [/api/waiter]}: getWaiters()
	{GET [/api/waiter/addToCustomerOrder/{waiterId}/{customerOrderId}]}: addToCustomerOrder(Long,Long)
	{GET [/api/waiter/custmerorder/{waiterId}/{customerOrderIds}]}: saveCustomerOrderToWaiter(Long,Long)
	{DELETE [/api/waiter/custmerorder/{waiterId}/{customerOrderIds}]}: removeCustomerOrderFromWaiter(Long,Long)
2025-03-17 19:28:24 DEBUG _.s.w.s.H.Mappings:294 - 
	c.d.r.s.c.AuthController:
	{POST [/api/auth/signin]}: authenticateUser(LoginRequest)
	{POST [/api/auth/signup]}: registerUser(SignupRequest)
2025-03-17 19:28:24 DEBUG _.s.w.s.H.Mappings:294 - 
	o.s.b.a.w.s.e.BasicErrorController:
	{ [/error]}: error(HttpServletRequest)
	{ [/error], produces [text/html]}: errorHtml(HttpServletRequest,HttpServletResponse)
2025-03-17 19:28:24 DEBUG _.s.w.s.H.Mappings:294 - 
	o.s.w.a.OpenApiWebMvcResource:
	{GET [/v3/api-docs], produces [application/json]}: openapiJson(HttpServletRequest,String,Locale)
	{GET [/v3/api-docs.yaml], produces [application/vnd.oai.openapi]}: openapiYaml(HttpServletRequest,String,Locale)
2025-03-17 19:28:24 DEBUG _.s.w.s.H.Mappings:294 - 
	o.s.w.u.SwaggerWelcomeWebMvc:
	{GET [/swagger-ui.html]}: redirectToUi(HttpServletRequest)
2025-03-17 19:28:24 DEBUG _.s.w.s.H.Mappings:294 - 
	o.s.w.u.SwaggerConfigResource:
	{GET [/v3/api-docs/swagger-config], produces [application/json]}: openapiJson(HttpServletRequest)
2025-03-17 19:28:24 DEBUG _.s.w.s.H.Mappings:86 - 'beanNameHandlerMapping' {}
2025-03-17 19:28:24 DEBUG _.s.w.s.H.Mappings:176 - 'resourceHandlerMapping' {/webjars/**=ResourceHttpRequestHandler [classpath [META-INF/resources/webjars/]], /**=ResourceHttpRequestHandler [classpath [META-INF/resources/], classpath [resources/], classpath [static/], classpath [public/], ServletContext [/]], /swagger-ui*/*swagger-initializer.js=ResourceHttpRequestHandler [classpath [META-INF/resources/webjars/]], /swagger-ui*/**=ResourceHttpRequestHandler [classpath [META-INF/resources/webjars/]]}
2025-03-17 19:28:24 INFO  c.d.r.RestoranApplication:59 - Started RestoranApplication in 4.651 seconds (process running for 5.084)
2025-03-17 19:33:39 DEBUG o.j.logging:164 - Logging Provider: org.jboss.logging.Slf4jLoggerProvider found via system property
2025-03-17 19:33:39 INFO  c.d.r.RestoranApplication:53 - Starting RestoranApplication using Java 17.0.12 with PID 14684 (E:\Restoran\build\classes\java\main started by Тимур in E:\Restoran)
2025-03-17 19:33:39 DEBUG c.d.r.RestoranApplication:54 - Running with Spring Boot v3.4.2, Spring v6.2.2
2025-03-17 19:33:39 INFO  c.d.r.RestoranApplication:652 - No active profile set, falling back to 1 default profile: "default"
2025-03-17 19:33:43 DEBUG c.d.r.s.j.AuthTokenFilter:240 - Filter 'authenticationJwtTokenFilter' configured for use
2025-03-17 19:33:43 DEBUG _.s.w.s.H.Mappings:294 - 
	c.d.r.c.AdminController:
	{GET [/api/admins/{id}]}: findById(long)
	{POST [/api/admins]}: saveAdmin(AdminDTO)
	{GET [/api/admins]}: getAllAdmins()
	{GET [/api/admins/chefs/{adminId}]}: saveChefToAdmin(List,Long)
	{GET [/api/admins/waiters/{adminId}]}: saveWaitersToAdmin(List,Long)
2025-03-17 19:33:43 DEBUG _.s.w.s.H.Mappings:294 - 
	c.d.r.c.ChefController:
	{GET [/api/chef]}: findAllChefs()
	{POST [/api/chef]}: saveChef(ChefDTO)
	{GET [/api/chef/{id}]}: findChefById(Long)
	{GET [/api/chef/waitersIsNull]}: getOrdersWithNullWaiter(Long)
	{GET [/api/chef/waitersAndChefsNull]}: getOrdersWithNullWaiterAndChef(Long)
	{GET [/api/chef/chefsIsNull]}: getOrdersWithNullChef(Long)
	{GET [/api/chef/{customerOrderId}/{chefId}]}: saveCustomerOrderToChef(Long,Long)
2025-03-17 19:33:43 DEBUG _.s.w.s.H.Mappings:294 - 
	c.d.r.c.CustomerController:
	{GET [/api/customers/me]}: getCurrentCustomer()
	{POST [/api/customers]}: saveCustomer(CustomerDTO)
	{GET [/api/customers]}: getCustomers()
	{GET [/api/customers/getTotalAmount/{customerOrderId}]}: setAllPriceTotalAmount(Long)
	{DELETE [/api/customers/custmerorder/{customerId}/{customerOrderId}]}: removeCustomerOrderFromCustomer(Long,Long)
	{GET [/api/customers/custmerorder/{orderId}/{customerOrderId}]}: saveCustomerOrderToCustomer(Long,Long)
2025-03-17 19:33:43 DEBUG _.s.w.s.H.Mappings:294 - 
	c.d.r.c.CustomerOrderController:
	{POST [/api/customerOrders/DTO/1]}: saveCustomerOrder1(CustomerOrderDTO)
	{POST [/api/customerOrders/DTO]}: saveCustomerOrder(CustomerOrderDTO)
	{GET [/api/customerOrders/addChefToCustomerOrder{customerOrderId}/addWaiter/{chefId}]}: addChef(Long,Long)
	{GET [/api/customerOrders/addWaiterToCustomerOrder{customerOrderId}/addWaiter/{waiterId}]}: addWaiter(Long,Long)
	{GET [/api/customerOrders/paidIsTrueId/{customerOrderId}]}: paidIsTrueId(Long)
	{GET [/api/customerOrders/totalAmountCustomerOrder]}: setAllPriceTotalAmount(Long)
	{GET [/api/customerOrders]}: getAllCustomerOrders()
	{GET [/api/customerOrders/customerOrderWithNullChef]}: customerOrderWithNullChef()
	{GET [/api/customerOrders/customerOrderWithNullWaiter]}: customerOrderWithNullWaiter()
	{POST [/api/customerOrders]}: createCustomerOrder(CustomerOrder)
2025-03-17 19:33:43 DEBUG _.s.w.s.H.Mappings:294 - 
	c.d.r.c.DishController:
	{GET [/api/dishes/{id}]}: findDishById(long)
	{DELETE [/api/dishes/{id}]}: deleteDish(Long)
	{POST [/api/dishes]}: saveDish(DishDTO)
	{GET [/api/dishes]}: getAllDishes()
	{GET [/api/dishes/underPrice]}: getDishesUnderPrice(Double)
2025-03-17 19:33:43 DEBUG _.s.w.s.H.Mappings:294 - 
	c.d.r.c.WaiterController:
	{GET [/api/waiter]}: getWaiters()
	{POST [/api/waiter]}: saveWaiter(WaiterDTO)
	{GET [/api/waiter/custmerorder/{waiterId}/{customerOrderIds}]}: saveCustomerOrderToWaiter(Long,Long)
	{DELETE [/api/waiter/custmerorder/{waiterId}/{customerOrderIds}]}: removeCustomerOrderFromWaiter(Long,Long)
	{GET [/api/waiter/addToCustomerOrder/{waiterId}/{customerOrderId}]}: addToCustomerOrder(Long,Long)
2025-03-17 19:33:43 DEBUG _.s.w.s.H.Mappings:294 - 
	c.d.r.s.c.AuthController:
	{POST [/api/auth/signin]}: authenticateUser(LoginRequest)
	{POST [/api/auth/signup]}: registerUser(SignupRequest)
2025-03-17 19:33:43 DEBUG _.s.w.s.H.Mappings:294 - 
	o.s.b.a.w.s.e.BasicErrorController:
	{ [/error]}: error(HttpServletRequest)
	{ [/error], produces [text/html]}: errorHtml(HttpServletRequest,HttpServletResponse)
2025-03-17 19:33:43 DEBUG _.s.w.s.H.Mappings:294 - 
	o.s.w.a.OpenApiWebMvcResource:
	{GET [/v3/api-docs.yaml], produces [application/vnd.oai.openapi]}: openapiYaml(HttpServletRequest,String,Locale)
	{GET [/v3/api-docs], produces [application/json]}: openapiJson(HttpServletRequest,String,Locale)
2025-03-17 19:33:43 DEBUG _.s.w.s.H.Mappings:294 - 
	o.s.w.u.SwaggerWelcomeWebMvc:
	{GET [/swagger-ui.html]}: redirectToUi(HttpServletRequest)
2025-03-17 19:33:43 DEBUG _.s.w.s.H.Mappings:294 - 
	o.s.w.u.SwaggerConfigResource:
	{GET [/v3/api-docs/swagger-config], produces [application/json]}: openapiJson(HttpServletRequest)
2025-03-17 19:33:43 DEBUG _.s.w.s.H.Mappings:86 - 'beanNameHandlerMapping' {}
2025-03-17 19:33:44 DEBUG _.s.w.s.H.Mappings:176 - 'resourceHandlerMapping' {/webjars/**=ResourceHttpRequestHandler [classpath [META-INF/resources/webjars/]], /**=ResourceHttpRequestHandler [classpath [META-INF/resources/], classpath [resources/], classpath [static/], classpath [public/], ServletContext [/]], /swagger-ui*/*swagger-initializer.js=ResourceHttpRequestHandler [classpath [META-INF/resources/webjars/]], /swagger-ui*/**=ResourceHttpRequestHandler [classpath [META-INF/resources/webjars/]]}
2025-03-17 19:33:44 INFO  c.d.r.RestoranApplication:59 - Started RestoranApplication in 4.925 seconds (process running for 5.349)
2025-03-17 19:36:23 DEBUG o.j.logging:164 - Logging Provider: org.jboss.logging.Slf4jLoggerProvider found via system property
2025-03-17 19:36:23 INFO  c.d.r.RestoranApplication:53 - Starting RestoranApplication using Java 17.0.12 with PID 23424 (E:\Restoran\build\classes\java\main started by Тимур in E:\Restoran)
2025-03-17 19:36:23 DEBUG c.d.r.RestoranApplication:54 - Running with Spring Boot v3.4.2, Spring v6.2.2
2025-03-17 19:36:23 INFO  c.d.r.RestoranApplication:652 - No active profile set, falling back to 1 default profile: "default"
2025-03-17 19:36:26 DEBUG c.d.r.s.j.AuthTokenFilter:240 - Filter 'authenticationJwtTokenFilter' configured for use
2025-03-17 19:36:27 DEBUG _.s.w.s.H.Mappings:294 - 
	c.d.r.c.AdminController:
	{GET [/api/admins/{id}]}: findById(long)
	{POST [/api/admins]}: saveAdmin(AdminDTO)
	{GET [/api/admins]}: getAllAdmins()
	{GET [/api/admins/chefs/{adminId}]}: saveChefToAdmin(List,Long)
	{GET [/api/admins/waiters/{adminId}]}: saveWaitersToAdmin(List,Long)
2025-03-17 19:36:27 DEBUG _.s.w.s.H.Mappings:294 - 
	c.d.r.c.ChefController:
	{GET [/api/chef]}: findAllChefs()
	{GET [/api/chef/{id}]}: findChefById(Long)
	{POST [/api/chef]}: saveChef(ChefDTO)
	{GET [/api/chef/waitersIsNull]}: getOrdersWithNullWaiter(Long)
	{GET [/api/chef/waitersAndChefsNull]}: getOrdersWithNullWaiterAndChef(Long)
	{GET [/api/chef/{customerOrderId}/{chefId}]}: saveCustomerOrderToChef(Long,Long)
	{GET [/api/chef/chefsIsNull]}: getOrdersWithNullChef(Long)
2025-03-17 19:36:27 DEBUG _.s.w.s.H.Mappings:294 - 
	c.d.r.c.CustomerController:
	{GET [/api/customers]}: getCustomers()
	{GET [/api/customers/me]}: getCurrentCustomer()
	{POST [/api/customers]}: saveCustomer(CustomerDTO)
	{GET [/api/customers/custmerorder/{orderId}/{customerOrderId}]}: saveCustomerOrderToCustomer(Long,Long)
	{GET [/api/customers/getTotalAmount/{customerOrderId}]}: setAllPriceTotalAmount(Long)
	{DELETE [/api/customers/custmerorder/{customerId}/{customerOrderId}]}: removeCustomerOrderFromCustomer(Long,Long)
2025-03-17 19:36:27 DEBUG _.s.w.s.H.Mappings:294 - 
	c.d.r.c.CustomerOrderController:
	{POST [/api/customerOrders/DTO/1]}: saveCustomerOrder1(CustomerOrderDTO)
	{GET [/api/customerOrders]}: getAllCustomerOrders()
	{GET [/api/customerOrders/customerOrderWithNullChef]}: customerOrderWithNullChef()
	{POST [/api/customerOrders]}: createCustomerOrder(CustomerOrder)
	{GET [/api/customerOrders/customerOrderWithNullWaiter]}: customerOrderWithNullWaiter()
	{GET [/api/customerOrders/totalAmountCustomerOrder]}: setAllPriceTotalAmount(Long)
	{GET [/api/customerOrders/addWaiterToCustomerOrder{customerOrderId}/addWaiter/{waiterId}]}: addWaiter(Long,Long)
	{GET [/api/customerOrders/addChefToCustomerOrder{customerOrderId}/addWaiter/{chefId}]}: addChef(Long,Long)
	{POST [/api/customerOrders/DTO]}: saveCustomerOrder(CustomerOrderDTO)
	{GET [/api/customerOrders/paidIsTrueId/{customerOrderId}]}: paidIsTrueId(Long)
2025-03-17 19:36:27 DEBUG _.s.w.s.H.Mappings:294 - 
	c.d.r.c.DishController:
	{POST [/api/dishes]}: saveDish(DishDTO)
	{DELETE [/api/dishes/{id}]}: deleteDish(Long)
	{GET [/api/dishes/{id}]}: findDishById(long)
	{GET [/api/dishes]}: getAllDishes()
	{GET [/api/dishes/underPrice]}: getDishesUnderPrice(Double)
2025-03-17 19:36:27 DEBUG _.s.w.s.H.Mappings:294 - 
	c.d.r.c.WaiterController:
	{POST [/api/waiter]}: saveWaiter(WaiterDTO)
	{GET [/api/waiter]}: getWaiters()
	{GET [/api/waiter/addToCustomerOrder/{waiterId}/{customerOrderId}]}: addToCustomerOrder(Long,Long)
	{DELETE [/api/waiter/custmerorder/{waiterId}/{customerOrderIds}]}: removeCustomerOrderFromWaiter(Long,Long)
	{GET [/api/waiter/custmerorder/{waiterId}/{customerOrderIds}]}: saveCustomerOrderToWaiter(Long,Long)
2025-03-17 19:36:27 DEBUG _.s.w.s.H.Mappings:294 - 
	c.d.r.s.c.AuthController:
	{POST [/api/auth/signin]}: authenticateUser(LoginRequest)
	{POST [/api/auth/signup]}: registerUser(SignupRequest)
2025-03-17 19:36:27 DEBUG _.s.w.s.H.Mappings:294 - 
	o.s.b.a.w.s.e.BasicErrorController:
	{ [/error]}: error(HttpServletRequest)
	{ [/error], produces [text/html]}: errorHtml(HttpServletRequest,HttpServletResponse)
2025-03-17 19:36:27 DEBUG _.s.w.s.H.Mappings:294 - 
	o.s.w.a.OpenApiWebMvcResource:
	{GET [/v3/api-docs], produces [application/json]}: openapiJson(HttpServletRequest,String,Locale)
	{GET [/v3/api-docs.yaml], produces [application/vnd.oai.openapi]}: openapiYaml(HttpServletRequest,String,Locale)
2025-03-17 19:36:27 DEBUG _.s.w.s.H.Mappings:294 - 
	o.s.w.u.SwaggerWelcomeWebMvc:
	{GET [/swagger-ui.html]}: redirectToUi(HttpServletRequest)
2025-03-17 19:36:27 DEBUG _.s.w.s.H.Mappings:294 - 
	o.s.w.u.SwaggerConfigResource:
	{GET [/v3/api-docs/swagger-config], produces [application/json]}: openapiJson(HttpServletRequest)
2025-03-17 19:36:27 DEBUG _.s.w.s.H.Mappings:86 - 'beanNameHandlerMapping' {}
2025-03-17 19:36:27 DEBUG _.s.w.s.H.Mappings:176 - 'resourceHandlerMapping' {/webjars/**=ResourceHttpRequestHandler [classpath [META-INF/resources/webjars/]], /**=ResourceHttpRequestHandler [classpath [META-INF/resources/], classpath [resources/], classpath [static/], classpath [public/], ServletContext [/]], /swagger-ui*/*swagger-initializer.js=ResourceHttpRequestHandler [classpath [META-INF/resources/webjars/]], /swagger-ui*/**=ResourceHttpRequestHandler [classpath [META-INF/resources/webjars/]]}
2025-03-17 19:36:27 INFO  c.d.r.RestoranApplication:59 - Started RestoranApplication in 4.888 seconds (process running for 5.317)
2025-03-17 19:41:31 DEBUG o.j.logging:164 - Logging Provider: org.jboss.logging.Slf4jLoggerProvider found via system property
2025-03-17 19:41:31 INFO  c.d.r.RestoranApplication:53 - Starting RestoranApplication using Java 17.0.12 with PID 24364 (E:\Restoran\build\classes\java\main started by Тимур in E:\Restoran)
2025-03-17 19:41:31 DEBUG c.d.r.RestoranApplication:54 - Running with Spring Boot v3.4.2, Spring v6.2.2
2025-03-17 19:41:31 INFO  c.d.r.RestoranApplication:652 - No active profile set, falling back to 1 default profile: "default"
2025-03-17 19:41:34 DEBUG c.d.r.s.j.AuthTokenFilter:240 - Filter 'authenticationJwtTokenFilter' configured for use
2025-03-17 19:41:35 DEBUG _.s.w.s.H.Mappings:294 - 
	c.d.r.c.AdminController:
	{GET [/api/admins/{id}]}: findById(long)
	{GET [/api/admins]}: getAllAdmins()
	{GET [/api/admins/waiters/{adminId}]}: saveWaitersToAdmin(List,Long)
	{GET [/api/admins/chefs/{adminId}]}: saveChefToAdmin(List,Long)
	{POST [/api/admins]}: saveAdmin(AdminDTO)
2025-03-17 19:41:35 DEBUG _.s.w.s.H.Mappings:294 - 
	c.d.r.c.ChefController:
	{POST [/api/chef]}: saveChef(ChefDTO)
	{GET [/api/chef/{id}]}: findChefById(Long)
	{GET [/api/chef]}: findAllChefs()
	{GET [/api/chef/chefsIsNull]}: getOrdersWithNullChef(Long)
	{GET [/api/chef/waitersAndChefsNull]}: getOrdersWithNullWaiterAndChef(Long)
	{GET [/api/chef/waitersIsNull]}: getOrdersWithNullWaiter(Long)
	{GET [/api/chef/{customerOrderId}/{chefId}]}: saveCustomerOrderToChef(Long,Long)
2025-03-17 19:41:35 DEBUG _.s.w.s.H.Mappings:294 - 
	c.d.r.c.CustomerController:
	{POST [/api/customers]}: saveCustomer(CustomerDTO)
	{GET [/api/customers]}: getCustomers()
	{GET [/api/customers/me]}: getCurrentCustomer()
	{DELETE [/api/customers/custmerorder/{customerId}/{customerOrderId}]}: removeCustomerOrderFromCustomer(Long,Long)
	{GET [/api/customers/custmerorder/{orderId}/{customerOrderId}]}: saveCustomerOrderToCustomer(Long,Long)
	{GET [/api/customers/getTotalAmount/{customerOrderId}]}: setAllPriceTotalAmount(Long)
2025-03-17 19:41:35 DEBUG _.s.w.s.H.Mappings:294 - 
	c.d.r.c.CustomerOrderController:
	{GET [/api/customerOrders]}: getAllCustomerOrders()
	{GET [/api/customerOrders/customerOrderWithNullChef]}: customerOrderWithNullChef()
	{GET [/api/customerOrders/totalAmountCustomerOrder]}: setAllPriceTotalAmount(Long)
	{GET [/api/customerOrders/customerOrderWithNullWaiter]}: customerOrderWithNullWaiter()
	{POST [/api/customerOrders]}: createCustomerOrder(CustomerOrder)
	{POST [/api/customerOrders/DTO/1]}: saveCustomerOrder1(CustomerOrderDTO)
	{GET [/api/customerOrders/addWaiterToCustomerOrder{customerOrderId}/addWaiter/{waiterId}]}: addWaiter(Long,Long)
	{POST [/api/customerOrders/DTO]}: saveCustomerOrder(CustomerOrderDTO)
	{GET [/api/customerOrders/addChefToCustomerOrder{customerOrderId}/addWaiter/{chefId}]}: addChef(Long,Long)
	{GET [/api/customerOrders/paidIsTrueId/{customerOrderId}]}: paidIsTrueId(Long)
2025-03-17 19:41:35 DEBUG _.s.w.s.H.Mappings:294 - 
	c.d.r.c.DishController:
	{GET [/api/dishes/underPrice]}: getDishesUnderPrice(Double)
	{GET [/api/dishes]}: getAllDishes()
	{POST [/api/dishes]}: saveDish(DishDTO)
	{GET [/api/dishes/{id}]}: findDishById(long)
	{DELETE [/api/dishes/{id}]}: deleteDish(Long)
2025-03-17 19:41:35 DEBUG _.s.w.s.H.Mappings:294 - 
	c.d.r.c.WaiterController:
	{DELETE [/api/waiter/custmerorder/{waiterId}/{customerOrderIds}]}: removeCustomerOrderFromWaiter(Long,Long)
	{GET [/api/waiter/custmerorder/{waiterId}/{customerOrderIds}]}: saveCustomerOrderToWaiter(Long,Long)
	{POST [/api/waiter]}: saveWaiter(WaiterDTO)
	{GET [/api/waiter]}: getWaiters()
	{GET [/api/waiter/addToCustomerOrder/{waiterId}/{customerOrderId}]}: addToCustomerOrder(Long,Long)
2025-03-17 19:41:35 DEBUG _.s.w.s.H.Mappings:294 - 
	c.d.r.s.c.AuthController:
	{POST [/api/auth/signup]}: registerUser(SignupRequest)
	{POST [/api/auth/signin]}: authenticateUser(LoginRequest)
2025-03-17 19:41:35 DEBUG _.s.w.s.H.Mappings:294 - 
	o.s.b.a.w.s.e.BasicErrorController:
	{ [/error]}: error(HttpServletRequest)
	{ [/error], produces [text/html]}: errorHtml(HttpServletRequest,HttpServletResponse)
2025-03-17 19:41:35 DEBUG _.s.w.s.H.Mappings:294 - 
	o.s.w.a.OpenApiWebMvcResource:
	{GET [/v3/api-docs], produces [application/json]}: openapiJson(HttpServletRequest,String,Locale)
	{GET [/v3/api-docs.yaml], produces [application/vnd.oai.openapi]}: openapiYaml(HttpServletRequest,String,Locale)
2025-03-17 19:41:35 DEBUG _.s.w.s.H.Mappings:294 - 
	o.s.w.u.SwaggerWelcomeWebMvc:
	{GET [/swagger-ui.html]}: redirectToUi(HttpServletRequest)
2025-03-17 19:41:35 DEBUG _.s.w.s.H.Mappings:294 - 
	o.s.w.u.SwaggerConfigResource:
	{GET [/v3/api-docs/swagger-config], produces [application/json]}: openapiJson(HttpServletRequest)
2025-03-17 19:41:35 DEBUG _.s.w.s.H.Mappings:86 - 'beanNameHandlerMapping' {}
2025-03-17 19:41:35 DEBUG _.s.w.s.H.Mappings:176 - 'resourceHandlerMapping' {/webjars/**=ResourceHttpRequestHandler [classpath [META-INF/resources/webjars/]], /**=ResourceHttpRequestHandler [classpath [META-INF/resources/], classpath [resources/], classpath [static/], classpath [public/], ServletContext [/]], /swagger-ui*/*swagger-initializer.js=ResourceHttpRequestHandler [classpath [META-INF/resources/webjars/]], /swagger-ui*/**=ResourceHttpRequestHandler [classpath [META-INF/resources/webjars/]]}
2025-03-17 19:41:35 INFO  c.d.r.RestoranApplication:59 - Started RestoranApplication in 4.859 seconds (process running for 5.359)
